Archive member included to satisfy reference by file (symbol)

C:/Users/henry/Documents/devkitpro/libctru/lib\libctru.a(console.o)
                              main.o (consoleSelect)
C:/Users/henry/Documents/devkitpro/libctru/lib\libctru.a(gfx.o)
                              C:/Users/henry/Documents/devkitpro/libctru/lib\libctru.a(console.o) (gfxIsWide)
C:/Users/henry/Documents/devkitpro/libctru/lib\libctru.a(gspgpu.o)
                              C:/Users/henry/Documents/devkitpro/libctru/lib\libctru.a(gfx.o) (gspInit)
C:/Users/henry/Documents/devkitpro/libctru/lib\libctru.a(apt.o)
                              main.o (aptMainLoop)
C:/Users/henry/Documents/devkitpro/libctru/lib\libctru.a(hid.o)
                              main.o (hidScanInput)
C:/Users/henry/Documents/devkitpro/libctru/lib\libctru.a(swkbd.o)
                              main.o (swkbdInit)
C:/Users/henry/Documents/devkitpro/libctru/lib\libctru.a(utf16_to_utf8.o)
                              C:/Users/henry/Documents/devkitpro/libctru/lib\libctru.a(swkbd.o) (utf16_to_utf8)
C:/Users/henry/Documents/devkitpro/libctru/lib\libctru.a(decode_utf16.o)
                              C:/Users/henry/Documents/devkitpro/libctru/lib\libctru.a(utf16_to_utf8.o) (decode_utf16)
C:/Users/henry/Documents/devkitpro/libctru/lib\libctru.a(utf8_to_utf16.o)
                              C:/Users/henry/Documents/devkitpro/libctru/lib\libctru.a(swkbd.o) (utf8_to_utf16)
C:/Users/henry/Documents/devkitpro/libctru/lib\libctru.a(ctru_init.o)
                              C:/Users/henry/Documents/devkitpro/libctru/lib\libctru.a(apt.o) (__system_retAddr)
C:/Users/henry/Documents/devkitpro/libctru/lib\libctru.a(initArgv.o)
                              C:/Users/henry/Documents/devkitpro/libctru/lib\libctru.a(ctru_init.o) (__system_initArgv)
C:/Users/henry/Documents/devkitpro/libctru/lib\libctru.a(svc.o)
                              main.o (svcSleepThread)
C:/Users/henry/Documents/devkitpro/libctru/lib\libctru.a(stack_adjust.o)
                              c:/users/henry/documents/devkitpro/devkitarm/bin/../lib/gcc/arm-none-eabi/12.2.0/../../../../arm-none-eabi/lib/armv6k/fpu/3dsx_crt0.o (initSystem)
C:/Users/henry/Documents/devkitpro/libctru/lib\libctru.a(default_font.bin.o)
                              C:/Users/henry/Documents/devkitpro/libctru/lib\libctru.a(console.o) (default_font_bin)
C:/Users/henry/Documents/devkitpro/libctru/lib\libctru.a(vram.o)
                              C:/Users/henry/Documents/devkitpro/libctru/lib\libctru.a(gfx.o) (vramAlloc)
C:/Users/henry/Documents/devkitpro/libctru/lib\libctru.a(linear.o)
                              C:/Users/henry/Documents/devkitpro/libctru/lib\libctru.a(gfx.o) (linearAlloc)
C:/Users/henry/Documents/devkitpro/libctru/lib\libctru.a(mem_pool.o)
                              C:/Users/henry/Documents/devkitpro/libctru/lib\libctru.a(vram.o) (MemPool::Allocate(MemChunk&, unsigned long, int))
C:/Users/henry/Documents/devkitpro/libctru/lib\libctru.a(synchronization.o)
                              C:/Users/henry/Documents/devkitpro/libctru/lib\libctru.a(ctru_init.o) (__sync_init)
C:/Users/henry/Documents/devkitpro/libctru/lib\libctru.a(os.o)
                              C:/Users/henry/Documents/devkitpro/libctru/lib\libctru.a(apt.o) (__ctru_speedup_config)
C:/Users/henry/Documents/devkitpro/libctru/lib\libctru.a(3dslink.o)
                              C:/Users/henry/Documents/devkitpro/libctru/lib\libctru.a(initArgv.o) (__3dslink_host)
C:/Users/henry/Documents/devkitpro/libctru/lib\libctru.a(srv.o)
                              C:/Users/henry/Documents/devkitpro/libctru/lib\libctru.a(apt.o) (srvInit)
C:/Users/henry/Documents/devkitpro/libctru/lib\libctru.a(thread.o)
                              C:/Users/henry/Documents/devkitpro/libctru/lib\libctru.a(gspgpu.o) (threadCreate)
C:/Users/henry/Documents/devkitpro/libctru/lib\libctru.a(mappable.o)
                              C:/Users/henry/Documents/devkitpro/libctru/lib\libctru.a(gspgpu.o) (mappableAlloc)
C:/Users/henry/Documents/devkitpro/libctru/lib\libctru.a(irrst.o)
                              C:/Users/henry/Documents/devkitpro/libctru/lib\libctru.a(hid.o) (irrstInit)
C:/Users/henry/Documents/devkitpro/libctru/lib\libctru.a(srvpm.o)
                              C:/Users/henry/Documents/devkitpro/libctru/lib\libctru.a(srv.o) (srvPmGetSessionHandle)
C:/Users/henry/Documents/devkitpro/libctru/lib\libctru.a(ptmsysm.o)
                              C:/Users/henry/Documents/devkitpro/libctru/lib\libctru.a(os.o) (ptmSysmInit)
C:/Users/henry/Documents/devkitpro/libctru/lib\libctru.a(soc_socket.o)
                              C:/Users/henry/Documents/devkitpro/libctru/lib\libctru.a(3dslink.o) (socket)
C:/Users/henry/Documents/devkitpro/libctru/lib\libctru.a(soc_connect.o)
                              C:/Users/henry/Documents/devkitpro/libctru/lib\libctru.a(3dslink.o) (connect)
[...]
Memory Configuration

Name             Origin             Length             Attributes
*default*        0x0000000000000000 0xffffffffffffffff

Linker script and memory map

                0x0000000000100000                PROVIDE (__start__ = 0x100000)
                0x0000000000100000                . = __start__

.text           0x0000000000100000    0x2f3c8
 *(.crt0)
 .crt0          0x0000000000100000       0x94 c:/users/henry/documents/devkitpro/devkitarm/bin/../lib/gcc/arm-none-eabi/12.2.0/../../../../arm-none-eabi/lib/armv6k/fpu/3dsx_crt0.o
                0x0000000000100000                _start
                0x0000000000100008                __service_ptr
                0x000000000010000c                __apt_appid
                0x0000000000100010                __heap_size
                0x0000000000100014                __linear_heap_size
                0x0000000000100018                __system_arglist
                0x000000000010001c                __system_runflags
 *(.init)
 .init          0x0000000000100094        0xc c:/users/henry/documents/devkitpro/devkitarm/bin/../lib/gcc/arm-none-eabi/12.2.0/armv6k/fpu/crti.o
                0x0000000000100094                _init
 .init          0x00000000001000a0        0xc c:/users/henry/documents/devkitpro/devkitarm/bin/../lib/gcc/arm-none-eabi/12.2.0/armv6k/fpu/crtn.o
                0x00000000001000ac                . = ALIGN (0x4)
 *(.text)
 .text          0x00000000001000ac      0x240 c:/users/henry/documents/devkitpro/devkitarm/bin/../lib/gcc/arm-none-eabi/12.2.0/armv6k/fpu\libgcc.a(_divsi3.o)
                0x00000000001000ac                __divsi3
                0x00000000001000ac                __aeabi_idiv
                0x00000000001002cc                __aeabi_idivmod
 .text          0x00000000001002ec        0x4 c:/users/henry/documents/devkitpro/devkitarm/bin/../lib/gcc/arm-none-eabi/12.2.0/armv6k/fpu\libgcc.a(_dvmd_tls.o)
                0x00000000001002ec                __aeabi_idiv0
                0x00000000001002ec                __aeabi_ldiv0
 .text          0x00000000001002f0       0x3c c:/users/henry/documents/devkitpro/devkitarm/bin/../lib/gcc/arm-none-eabi/12.2.0/armv6k/fpu\libgcc.a(_aeabi_uldivmod.o)
                0x00000000001002f0                __aeabi_uldivmod
 *fill*         0x000000000010032c       0x14 
 .text          0x0000000000100340      0x390 c:/users/henry/documents/devkitpro/devkitarm/bin/../lib/gcc/arm-none-eabi/12.2.0/../../../../arm-none-eabi/lib/armv6k/fpu\libg.a(lib_a-strcmp.o)
                0x0000000000100348                strcmp
 .text          0x00000000001006d0      0x20c c:/users/henry/documents/devkitpro/devkitarm/bin/../lib/gcc/arm-none-eabi/12.2.0/armv6k/fpu\libgcc.a(_udivsi3.o)
                0x00000000001006d0                __aeabi_uidiv
                0x00000000001006d0                __udivsi3
                0x00000000001008bc                __aeabi_uidivmod
 .text          0x00000000001008dc      0x3c0 c:/users/henry/documents/devkitpro/devkitarm/bin/../lib/gcc/arm-none-eabi/12.2.0/armv6k/fpu\libgcc.a(_arm_addsubdf3.o)
                0x00000000001008dc                __aeabi_drsub
                0x00000000001008e4                __aeabi_dsub
                0x00000000001008e4                __subdf3
                0x00000000001008e8                __aeabi_dadd
                0x00000000001008e8                __adddf3
                0x0000000000100b94                __floatunsidf
                0x0000000000100b94                __aeabi_ui2d
                0x0000000000100bb8                __floatsidf
                0x0000000000100bb8                __aeabi_i2d
                0x0000000000100be0                __aeabi_f2d
                0x0000000000100be0                __extendsfdf2
                0x0000000000100c28                __floatundidf
                0x0000000000100c28                __aeabi_ul2d
                0x0000000000100c3c                __floatdidf
                0x0000000000100c3c                __aeabi_l2d
 *(.text.*)
 .text.__do_global_dtors_aux
                0x0000000000100c9c       0x40 c:/users/henry/documents/devkitpro/devkitarm/bin/../lib/gcc/arm-none-eabi/12.2.0/armv6k/fpu/crtbegin.o
 .text.frame_dummy
                0x0000000000100cdc       0x2c c:/users/henry/documents/devkitpro/devkitarm/bin/../lib/gcc/arm-none-eabi/12.2.0/armv6k/fpu/crtbegin.o
 .text.PlayAnimation.part.0
                0x0000000000100d08     0x2204 main.o
 .text.AnimationHidden.part.0.isra.0
                0x0000000000102f0c     0x1fe4 main.o
 .text.consoleClearAnimation
                0x0000000000104ef0     0x785c main.o
                0x0000000000104ef0                consoleClearAnimation
 .text.DisplayTerminalMenu
                0x000000000010c74c      0x760 main.o
                0x000000000010c74c                DisplayTerminalMenu
 .text.DisplayTerminalText
                0x000000000010ceac      0xf60 main.o
                0x000000000010ceac                DisplayTerminalText
 *fill*         0x000000000010de0c        0x4 
 .text.startup.main
                0x000000000010de10      0x8ac main.o
                0x000000000010de10                main
 .text.parseColor
                0x000000000010e6bc      0x1e8 C:/Users/henry/Documents/devkitpro/libctru/lib\libctru.a(console.o)
 .text.consoleSelect
                0x000000000010e8a4       0x18 C:/Users/henry/Documents/devkitpro/libctru/lib\libctru.a(console.o)
                0x000000000010e8a4                consoleSelect
 .text.consoleDrawChar
                0x000000000010e8bc      0x1ac C:/Users/henry/Documents/devkitpro/libctru/lib\libctru.a(console.o)
                0x000000000010e8bc                consoleDrawChar
 .text.consolePrintChar
                0x000000000010ea68      0x124 C:/Users/henry/Documents/devkitpro/libctru/lib\libctru.a(console.o)
                0x000000000010ea68                consolePrintChar
 .text.con_write
                0x000000000010eb8c      0xb94 C:/Users/henry/Documents/devkitpro/libctru/lib\libctru.a(console.o)
                0x000000000010eb8c                con_write
 .text.newRow   0x000000000010f720       0xfc C:/Users/henry/Documents/devkitpro/libctru/lib\libctru.a(console.o)
 .text.consoleInit
                0x000000000010f81c      0x168 C:/Users/henry/Documents/devkitpro/libctru/lib\libctru.a(console.o)
                0x000000000010f81c                consoleInit
 .text.consoleClear
                0x000000000010f984       0xbc C:/Users/henry/Documents/devkitpro/libctru/lib\libctru.a(console.o)
                0x000000000010f984                consoleClear
 .text.gfxPresentFramebuffer
                0x000000000010fa40       0xd0 C:/Users/henry/Documents/devkitpro/libctru/lib\libctru.a(gfx.o)
 .text.gfxIsWide
                0x000000000010fb10       0x1c C:/Users/henry/Documents/devkitpro/libctru/lib\libctru.a(gfx.o)
                0x000000000010fb10                gfxIsWide
 .text.gfxSetScreenFormat
                0x000000000010fb2c       0xec C:/Users/henry/Documents/devkitpro/libctru/lib\libctru.a(gfx.o)
                0x000000000010fb2c                gfxSetScreenFormat
 .text.gfxSetDoubleBuffering
                0x000000000010fc18       0x10 C:/Users/henry/Documents/devkitpro/libctru/lib\libctru.a(gfx.o)
                0x000000000010fc18                gfxSetDoubleBuffering
 .text.gfxInit  0x000000000010fc28       0xe0 C:/Users/henry/Documents/devkitpro/libctru/lib\libctru.a(gfx.o)
                0x000000000010fc28                gfxInit
 .text.gfxInitDefault
                0x000000000010fd08       0x10 C:/Users/henry/Documents/devkitpro/libctru/lib\libctru.a(gfx.o)
                0x000000000010fd08                gfxInitDefault
 .text.gfxExit  0x000000000010fd18       0xb4 C:/Users/henry/Documents/devkitpro/libctru/lib\libctru.a(gfx.o)
                0x000000000010fd18                gfxExit
 .text.gfxGetFramebuffer
                0x000000000010fdcc       0xa0 C:/Users/henry/Documents/devkitpro/libctru/lib\libctru.a(gfx.o)
                0x000000000010fdcc                gfxGetFramebuffer
 .text.gfxFlushBuffers
                0x000000000010fe6c      0x104 C:/Users/henry/Documents/devkitpro/libctru/lib\libctru.a(gfx.o)
                0x000000000010fe6c                gfxFlushBuffers
 .text.gfxSwapBuffers
                0x000000000010ff70       0x50 C:/Users/henry/Documents/devkitpro/libctru/lib\libctru.a(gfx.o)
                0x000000000010ff70                gfxSwapBuffers
 .text.gfxSwapBuffersGpu
                0x000000000010ffc0       0x50 C:/Users/henry/Documents/devkitpro/libctru/lib\libctru.a(gfx.o)
                0x000000000010ffc0                gfxSwapBuffersGpu
 .text.gspHardwareInit
                0x0000000000110010      0xc58 C:/Users/henry/Documents/devkitpro/libctru/lib\libctru.a(gspgpu.o)
 .text.gspInit  0x0000000000110c68      0x248 C:/Users/henry/Documents/devkitpro/libctru/lib\libctru.a(gspgpu.o)
                0x0000000000110c68                gspInit
 .text.gspExit  0x0000000000110eb0       0xf0 C:/Users/henry/Documents/devkitpro/libctru/lib\libctru.a(gspgpu.o)
                0x0000000000110eb0                gspExit
 .text.gspHasGpuRight
                0x0000000000110fa0       0x10 C:/Users/henry/Documents/devkitpro/libctru/lib\libctru.a(gspgpu.o)
                0x0000000000110fa0                gspHasGpuRight
 .text.gspPresentBuffer
                0x0000000000110fb0       0xa0 C:/Users/henry/Documents/devkitpro/libctru/lib\libctru.a(gspgpu.o)
                0x0000000000110fb0                gspPresentBuffer
 .text.gspWaitForEvent
                0x0000000000111050       0x44 C:/Users/henry/Documents/devkitpro/libctru/lib\libctru.a(gspgpu.o)
                0x0000000000111050                gspWaitForEvent
 .text.gxCmdQueueInterrupt
                0x0000000000111094        0x4 C:/Users/henry/Documents/devkitpro/libctru/lib\libctru.a(gspgpu.o)
                0x0000000000111094                gxCmdQueueInterrupt
 .text.gspEventThreadMain
                0x0000000000111098      0x158 C:/Users/henry/Documents/devkitpro/libctru/lib\libctru.a(gspgpu.o)
 .text.GSPGPU_FlushDataCache
                0x00000000001111f0       0x50 C:/Users/henry/Documents/devkitpro/libctru/lib\libctru.a(gspgpu.o)
                0x00000000001111f0                GSPGPU_FlushDataCache
 .text.GSPGPU_SetLcdForceBlack
                0x0000000000111240       0x34 C:/Users/henry/Documents/devkitpro/libctru/lib\libctru.a(gspgpu.o)
                0x0000000000111240                GSPGPU_SetLcdForceBlack
 .text.GSPGPU_AcquireRight
                0x0000000000111274       0x68 C:/Users/henry/Documents/devkitpro/libctru/lib\libctru.a(gspgpu.o)
                0x0000000000111274                GSPGPU_AcquireRight
 .text.GSPGPU_ReleaseRight
                0x00000000001112dc       0x48 C:/Users/henry/Documents/devkitpro/libctru/lib\libctru.a(gspgpu.o)
                0x00000000001112dc                GSPGPU_ReleaseRight
 .text.GSPGPU_ImportDisplayCaptureInfo
                0x0000000000111324       0x7c C:/Users/henry/Documents/devkitpro/libctru/lib\libctru.a(gspgpu.o)
                0x0000000000111324                GSPGPU_ImportDisplayCaptureInfo
 .text.GSPGPU_SaveVramSysArea
                0x00000000001113a0       0x2c C:/Users/henry/Documents/devkitpro/libctru/lib\libctru.a(gspgpu.o)
                0x00000000001113a0                GSPGPU_SaveVramSysArea
 .text.GSPGPU_RestoreVramSysArea
                0x00000000001113cc       0x2c C:/Users/henry/Documents/devkitpro/libctru/lib\libctru.a(gspgpu.o)
                0x00000000001113cc                GSPGPU_RestoreVramSysArea
 .text.aptConvertScreenForCapture
                0x00000000001113f8      0x1a4 C:/Users/henry/Documents/devkitpro/libctru/lib\libctru.a(apt.o)
 .text.aptDspSleep
                0x000000000011159c        0x8 C:/Users/henry/Documents/devkitpro/libctru/lib\libctru.a(apt.o)
                0x000000000011159c                aptDspSleep
 .text.aptDspWakeup
                0x00000000001115a4        0x4 C:/Users/henry/Documents/devkitpro/libctru/lib\libctru.a(apt.o)
                0x00000000001115a4                aptDspWakeup
 .text.aptDspCancel
                0x00000000001115a8        0x4 C:/Users/henry/Documents/devkitpro/libctru/lib\libctru.a(apt.o)
                0x00000000001115a8                aptDspCancel
 .text.aptSendCommand
                0x00000000001115ac      0x158 C:/Users/henry/Documents/devkitpro/libctru/lib\libctru.a(apt.o)
                0x00000000001115ac                aptSendCommand
 *fill*         0x0000000000111704        0x4 
 .text.aptExitProcess
                0x0000000000111708       0x44 C:/Users/henry/Documents/devkitpro/libctru/lib\libctru.a(apt.o)
 .text.aptExit  0x000000000011174c      0x3b0 C:/Users/henry/Documents/devkitpro/libctru/lib\libctru.a(apt.o)
                0x000000000011174c                aptExit
 .text.aptHandleSleep
                0x0000000000111afc       0xe0 C:/Users/henry/Documents/devkitpro/libctru/lib\libctru.a(apt.o)
                0x0000000000111afc                aptHandleSleep
 .text.aptSetMessageCallback
                0x0000000000111bdc       0x1c C:/Users/henry/Documents/devkitpro/libctru/lib\libctru.a(apt.o)
                0x0000000000111bdc                aptSetMessageCallback
 .text.APT_SleepIfShellClosed
                0x0000000000111bf8       0x84 C:/Users/henry/Documents/devkitpro/libctru/lib\libctru.a(apt.o)
                0x0000000000111bf8                APT_SleepIfShellClosed
 .text.aptSetSleepAllowed
                0x0000000000111c7c       0x84 C:/Users/henry/Documents/devkitpro/libctru/lib\libctru.a(apt.o)
                0x0000000000111c7c                aptSetSleepAllowed
 .text.APT_UnlockTransition
                0x0000000000111d00       0x84 C:/Users/henry/Documents/devkitpro/libctru/lib\libctru.a(apt.o)
                0x0000000000111d00                APT_UnlockTransition
 *fill*         0x0000000000111d84        0x4 
 .text.aptEventHandler
                0x0000000000111d88      0x4a4 C:/Users/henry/Documents/devkitpro/libctru/lib\libctru.a(apt.o)
 .text.APT_ReceiveParameter
                0x000000000011222c       0xb0 C:/Users/henry/Documents/devkitpro/libctru/lib\libctru.a(apt.o)
                0x000000000011222c                APT_ReceiveParameter
 .text.aptReceiveParameter.constprop.0
                0x00000000001122dc       0xb0 C:/Users/henry/Documents/devkitpro/libctru/lib\libctru.a(apt.o)
 *fill*         0x000000000011238c        0x4 
 .text.aptScreenTransfer
                0x0000000000112390      0x2ac C:/Users/henry/Documents/devkitpro/libctru/lib\libctru.a(apt.o)
 .text.aptWaitForWakeUp.isra.0
                0x000000000011263c      0x344 C:/Users/henry/Documents/devkitpro/libctru/lib\libctru.a(apt.o)
 .text.aptLaunchLibraryApplet
                0x0000000000112980      0x11c C:/Users/henry/Documents/devkitpro/libctru/lib\libctru.a(apt.o)
                0x0000000000112980                aptLaunchLibraryApplet
 *fill*         0x0000000000112a9c        0x4 
 .text.aptJumpToHomeMenu
                0x0000000000112aa0      0x100 C:/Users/henry/Documents/devkitpro/libctru/lib\libctru.a(apt.o)
                0x0000000000112aa0                aptJumpToHomeMenu
 .text.aptMainLoop
                0x0000000000112ba0       0x48 C:/Users/henry/Documents/devkitpro/libctru/lib\libctru.a(apt.o)
                0x0000000000112ba0                aptMainLoop
 .text.aptInit  0x0000000000112be8      0x22c C:/Users/henry/Documents/devkitpro/libctru/lib\libctru.a(apt.o)
                0x0000000000112be8                aptInit
 .text.APT_SendParameter
                0x0000000000112e14       0x5c C:/Users/henry/Documents/devkitpro/libctru/lib\libctru.a(apt.o)
                0x0000000000112e14                APT_SendParameter
 .text.APT_CheckNew3DS
                0x0000000000112e70       0x7c C:/Users/henry/Documents/devkitpro/libctru/lib\libctru.a(apt.o)
                0x0000000000112e70                APT_CheckNew3DS
 .text.hidShouldUseIrrst
                0x0000000000112eec       0x24 C:/Users/henry/Documents/devkitpro/libctru/lib\libctru.a(hid.o)
                0x0000000000112eec                hidShouldUseIrrst
 .text.hidInit  0x0000000000112f10      0x18c C:/Users/henry/Documents/devkitpro/libctru/lib\libctru.a(hid.o)
                0x0000000000112f10                hidInit
 .text.hidExit  0x000000000011309c       0xe8 C:/Users/henry/Documents/devkitpro/libctru/lib\libctru.a(hid.o)
                0x000000000011309c                hidExit
 .text.hidScanInput
                0x0000000000113184      0x2a4 C:/Users/henry/Documents/devkitpro/libctru/lib\libctru.a(hid.o)
                0x0000000000113184                hidScanInput
 .text.hidKeysDown
                0x0000000000113428       0x10 C:/Users/henry/Documents/devkitpro/libctru/lib\libctru.a(hid.o)
                0x0000000000113428                hidKeysDown
 .text.swkbdMessageCallback
                0x0000000000113438      0x178 C:/Users/henry/Documents/devkitpro/libctru/lib\libctru.a(swkbd.o)
 .text.swkbdInit
                0x00000000001135b0       0x78 C:/Users/henry/Documents/devkitpro/libctru/lib\libctru.a(swkbd.o)
                0x00000000001135b0                swkbdInit
 .text.swkbdSetFeatures
                0x0000000000113628       0x38 C:/Users/henry/Documents/devkitpro/libctru/lib\libctru.a(swkbd.o)
                0x0000000000113628                swkbdSetFeatures
 .text.swkbdSetHintText
                0x0000000000113660       0x50 C:/Users/henry/Documents/devkitpro/libctru/lib\libctru.a(swkbd.o)
                0x0000000000113660                swkbdSetHintText
 .text.swkbdSetButton
                0x00000000001136b0       0x6c C:/Users/henry/Documents/devkitpro/libctru/lib\libctru.a(swkbd.o)
                0x00000000001136b0                swkbdSetButton
 .text.swkbdSetInitialText
                0x000000000011371c        0x8 C:/Users/henry/Documents/devkitpro/libctru/lib\libctru.a(swkbd.o)
                0x000000000011371c                swkbdSetInitialText
 .text.swkbdSetDictWord
                0x0000000000113724       0x9c C:/Users/henry/Documents/devkitpro/libctru/lib\libctru.a(swkbd.o)
                0x0000000000113724                swkbdSetDictWord
 .text.swkbdSetDictionary
                0x00000000001137c0       0x14 C:/Users/henry/Documents/devkitpro/libctru/lib\libctru.a(swkbd.o)
                0x00000000001137c0                swkbdSetDictionary
 .text.swkbdSetStatusData
                0x00000000001137d4       0x30 C:/Users/henry/Documents/devkitpro/libctru/lib\libctru.a(swkbd.o)
                0x00000000001137d4                swkbdSetStatusData
 .text.swkbdSetLearningData
                0x0000000000113804       0x30 C:/Users/henry/Documents/devkitpro/libctru/lib\libctru.a(swkbd.o)
                0x0000000000113804                swkbdSetLearningData
 .text.swkbdInputText
                0x0000000000113834      0x3a4 C:/Users/henry/Documents/devkitpro/libctru/lib\libctru.a(swkbd.o)
                0x0000000000113834                swkbdInputText
 .text.utf16_to_utf8
                0x0000000000113bd8       0xe8 C:/Users/henry/Documents/devkitpro/libctru/lib\libctru.a(utf16_to_utf8.o)
                0x0000000000113bd8                utf16_to_utf8
 .text.decode_utf16
                0x0000000000113cc0       0x64 C:/Users/henry/Documents/devkitpro/libctru/lib\libctru.a(decode_utf16.o)
                0x0000000000113cc0                decode_utf16
 .text.utf8_to_utf16
                0x0000000000113d24       0xc0 C:/Users/henry/Documents/devkitpro/libctru/lib\libctru.a(utf8_to_utf16.o)
                0x0000000000113d24                utf8_to_utf16
 .text.__libctru_init
                0x0000000000113de4       0x38 C:/Users/henry/Documents/devkitpro/libctru/lib\libctru.a(ctru_init.o)
                0x0000000000113de4                __libctru_init
 .text.__system_initArgv
                0x0000000000113e1c      0x170 C:/Users/henry/Documents/devkitpro/libctru/lib\libctru.a(initArgv.o)
                0x0000000000113e1c                __system_initArgv
 .text.svcControlMemory
                0x0000000000113f8c       0x20 C:/Users/henry/Documents/devkitpro/libctru/lib\libctru.a(svc.o)
                0x0000000000113f8c                svcControlMemory
 .text.svcQueryMemory
                0x0000000000113fac       0x30 C:/Users/henry/Documents/devkitpro/libctru/lib\libctru.a(svc.o)
                0x0000000000113fac                svcQueryMemory
 .text.svcExitProcess
                0x0000000000113fdc        0x8 C:/Users/henry/Documents/devkitpro/libctru/lib\libctru.a(svc.o)
                0x0000000000113fdc                svcExitProcess
 .text.svcCreateThread
                0x0000000000113fe4       0x20 C:/Users/henry/Documents/devkitpro/libctru/lib\libctru.a(svc.o)
                0x0000000000113fe4                svcCreateThread
 .text.svcExitThread
                0x0000000000114004        0x8 C:/Users/henry/Documents/devkitpro/libctru/lib\libctru.a(svc.o)
                0x0000000000114004                svcExitThread
 .text.svcSleepThread
                0x000000000011400c        0x8 C:/Users/henry/Documents/devkitpro/libctru/lib\libctru.a(svc.o)
                0x000000000011400c                svcSleepThread
 .text.svcReleaseMutex
                0x0000000000114014        0x8 C:/Users/henry/Documents/devkitpro/libctru/lib\libctru.a(svc.o)
                0x0000000000114014                svcReleaseMutex
 .text.svcCreateEvent
                0x000000000011401c       0x14 C:/Users/henry/Documents/devkitpro/libctru/lib\libctru.a(svc.o)
                0x000000000011401c                svcCreateEvent
 .text.svcSignalEvent
                0x0000000000114030        0x8 C:/Users/henry/Documents/devkitpro/libctru/lib\libctru.a(svc.o)
                0x0000000000114030                svcSignalEvent
 .text.svcClearEvent
                0x0000000000114038        0x8 C:/Users/henry/Documents/devkitpro/libctru/lib\libctru.a(svc.o)
                0x0000000000114038                svcClearEvent
 .text.svcCreateMemoryBlock
                0x0000000000114040       0x18 C:/Users/henry/Documents/devkitpro/libctru/lib\libctru.a(svc.o)
                0x0000000000114040                svcCreateMemoryBlock
 .text.svcMapMemoryBlock
                0x0000000000114058        0x8 C:/Users/henry/Documents/devkitpro/libctru/lib\libctru.a(svc.o)
                0x0000000000114058                svcMapMemoryBlock
 .text.svcUnmapMemoryBlock
                0x0000000000114060        0x8 C:/Users/henry/Documents/devkitpro/libctru/lib\libctru.a(svc.o)
                0x0000000000114060                svcUnmapMemoryBlock
 .text.svcCreateAddressArbiter
                0x0000000000114068       0x14 C:/Users/henry/Documents/devkitpro/libctru/lib\libctru.a(svc.o)
                0x0000000000114068                svcCreateAddressArbiter
 .text.svcArbitrateAddressNoTimeout
                0x000000000011407c        0x8 C:/Users/henry/Documents/devkitpro/libctru/lib\libctru.a(svc.o)
                0x000000000011407c                svcArbitrateAddressNoTimeout
 .text.svcCloseHandle
                0x0000000000114084        0x8 C:/Users/henry/Documents/devkitpro/libctru/lib\libctru.a(svc.o)
                0x0000000000114084                svcCloseHandle
 .text.svcWaitSynchronization
                0x000000000011408c        0x8 C:/Users/henry/Documents/devkitpro/libctru/lib\libctru.a(svc.o)
                0x000000000011408c                svcWaitSynchronization
 .text.svcWaitSynchronizationN
                0x0000000000114094       0x28 C:/Users/henry/Documents/devkitpro/libctru/lib\libctru.a(svc.o)
                0x0000000000114094                svcWaitSynchronizationN
 .text.svcDuplicateHandle
                0x00000000001140bc       0x14 C:/Users/henry/Documents/devkitpro/libctru/lib\libctru.a(svc.o)
                0x00000000001140bc                svcDuplicateHandle
 .text.svcConnectToPort
                0x00000000001140d0       0x14 C:/Users/henry/Documents/devkitpro/libctru/lib\libctru.a(svc.o)
                0x00000000001140d0                svcConnectToPort
 .text.svcSendSyncRequest
                0x00000000001140e4        0x8 C:/Users/henry/Documents/devkitpro/libctru/lib\libctru.a(svc.o)
                0x00000000001140e4                svcSendSyncRequest
 .text.svcGetResourceLimit
                0x00000000001140ec       0x14 C:/Users/henry/Documents/devkitpro/libctru/lib\libctru.a(svc.o)
                0x00000000001140ec                svcGetResourceLimit
 .text.svcGetResourceLimitLimitValues
                0x0000000000114100        0x8 C:/Users/henry/Documents/devkitpro/libctru/lib\libctru.a(svc.o)
                0x0000000000114100                svcGetResourceLimitLimitValues
 .text.svcGetResourceLimitCurrentValues
                0x0000000000114108        0x8 C:/Users/henry/Documents/devkitpro/libctru/lib\libctru.a(svc.o)
                0x0000000000114108                svcGetResourceLimitCurrentValues
 .text.svcBreak
                0x0000000000114110        0x8 C:/Users/henry/Documents/devkitpro/libctru/lib\libctru.a(svc.o)
                0x0000000000114110                svcBreak
 .text.initSystem
                0x0000000000114118       0x50 C:/Users/henry/Documents/devkitpro/libctru/lib\libctru.a(stack_adjust.o)
                0x0000000000114118                initSystem
 .text.__ctru_exit
                0x0000000000114168       0x18 C:/Users/henry/Documents/devkitpro/libctru/lib\libctru.a(stack_adjust.o)
                0x0000000000114168                __ctru_exit
 .text._ZL21addrMapNodeComparatorPK11rbtree_nodeS1_
                0x0000000000114180       0x24 C:/Users/henry/Documents/devkitpro/libctru/lib\libctru.a(vram.o)
 .text._ZL21addrMapNodeDestructorP11rbtree_node
                0x00000000001141a4        0x4 C:/Users/henry/Documents/devkitpro/libctru/lib\libctru.a(vram.o)
 .text.vramMemAlignAt
                0x00000000001141a8      0x250 C:/Users/henry/Documents/devkitpro/libctru/lib\libctru.a(vram.o)
                0x00000000001141a8                vramMemAlignAt
 .text.vramAlloc
                0x00000000001143f8        0xc C:/Users/henry/Documents/devkitpro/libctru/lib\libctru.a(vram.o)
                0x00000000001143f8                vramAlloc
 .text.vramFree
                0x0000000000114404       0x90 C:/Users/henry/Documents/devkitpro/libctru/lib\libctru.a(vram.o)
                0x0000000000114404                vramFree
 .text._ZL21addrMapNodeComparatorPK11rbtree_nodeS1_
                0x0000000000114494       0x24 C:/Users/henry/Documents/devkitpro/libctru/lib\libctru.a(linear.o)
 .text._ZL21addrMapNodeDestructorP11rbtree_node
                0x00000000001144b8        0x4 C:/Users/henry/Documents/devkitpro/libctru/lib\libctru.a(linear.o)
 .text.linearMemAlign
                0x00000000001144bc      0x120 C:/Users/henry/Documents/devkitpro/libctru/lib\libctru.a(linear.o)
                0x00000000001144bc                linearMemAlign
 .text.linearAlloc
                0x00000000001145dc        0x8 C:/Users/henry/Documents/devkitpro/libctru/lib\libctru.a(linear.o)
                0x00000000001145dc                linearAlloc
 .text.linearFree
                0x00000000001145e4       0x5c C:/Users/henry/Documents/devkitpro/libctru/lib\libctru.a(linear.o)
                0x00000000001145e4                linearFree
 .text._ZN7MemPool13CoalesceRightEP8MemBlock
                0x0000000000114640       0x80 C:/Users/henry/Documents/devkitpro/libctru/lib\libctru.a(mem_pool.o)
                0x0000000000114640                MemPool::CoalesceRight(MemBlock*)
 .text._ZN7MemPool8AllocateER8MemChunkmi
                0x00000000001146c0      0x16c C:/Users/henry/Documents/devkitpro/libctru/lib\libctru.a(mem_pool.o)
                0x00000000001146c0                MemPool::Allocate(MemChunk&, unsigned long, int)
 .text._ZN7MemPool10DeallocateERK8MemChunk
                0x000000000011482c       0xfc C:/Users/henry/Documents/devkitpro/libctru/lib\libctru.a(mem_pool.o)
                0x000000000011482c                MemPool::Deallocate(MemChunk const&)
 .text._ZN7MemPool12GetFreeSpaceEv
                0x0000000000114928       0x30 C:/Users/henry/Documents/devkitpro/libctru/lib\libctru.a(mem_pool.o)
                0x0000000000114928                MemPool::GetFreeSpace()
 .text.__sync_init
                0x0000000000114958        0xc C:/Users/henry/Documents/devkitpro/libctru/lib\libctru.a(synchronization.o)
                0x0000000000114958                __sync_init
 .text.__sync_fini
                0x0000000000114964       0x18 C:/Users/henry/Documents/devkitpro/libctru/lib\libctru.a(synchronization.o)
                0x0000000000114964                __sync_fini
 .text.syncArbitrateAddress
                0x000000000011497c       0x2c C:/Users/henry/Documents/devkitpro/libctru/lib\libctru.a(synchronization.o)
                0x000000000011497c                syncArbitrateAddress
 .text.LightLock_Lock
                0x00000000001149a8       0xb0 C:/Users/henry/Documents/devkitpro/libctru/lib\libctru.a(synchronization.o)
                0x00000000001149a8                LightLock_Lock
 .text.LightLock_Unlock
                0x0000000000114a58       0x40 C:/Users/henry/Documents/devkitpro/libctru/lib\libctru.a(synchronization.o)
                0x0000000000114a58                LightLock_Unlock
 .text.RecursiveLock_Init
                0x0000000000114a98       0x24 C:/Users/henry/Documents/devkitpro/libctru/lib\libctru.a(synchronization.o)
                0x0000000000114a98                RecursiveLock_Init
 .text.RecursiveLock_Lock
                0x0000000000114abc       0x30 C:/Users/henry/Documents/devkitpro/libctru/lib\libctru.a(synchronization.o)
                0x0000000000114abc                RecursiveLock_Lock
 .text.RecursiveLock_Unlock
                0x0000000000114aec       0x54 C:/Users/henry/Documents/devkitpro/libctru/lib\libctru.a(synchronization.o)
                0x0000000000114aec                RecursiveLock_Unlock
 .text.LightEvent_Init
                0x0000000000114b40       0x40 C:/Users/henry/Documents/devkitpro/libctru/lib\libctru.a(synchronization.o)
                0x0000000000114b40                LightEvent_Init
 .text.LightEvent_Clear
                0x0000000000114b80       0xa4 C:/Users/henry/Documents/devkitpro/libctru/lib\libctru.a(synchronization.o)
                0x0000000000114b80                LightEvent_Clear
 .text.LightEvent_Signal
                0x0000000000114c24       0xc8 C:/Users/henry/Documents/devkitpro/libctru/lib\libctru.a(synchronization.o)
                0x0000000000114c24                LightEvent_Signal
 .text.LightEvent_TryWait
                0x0000000000114cec       0x50 C:/Users/henry/Documents/devkitpro/libctru/lib\libctru.a(synchronization.o)
                0x0000000000114cec                LightEvent_TryWait
 .text.LightEvent_Wait
                0x0000000000114d3c       0xb0 C:/Users/henry/Documents/devkitpro/libctru/lib\libctru.a(synchronization.o)
                0x0000000000114d3c                LightEvent_Wait
 .text.__ctru_speedup_config
                0x0000000000114dec       0x34 C:/Users/henry/Documents/devkitpro/libctru/lib\libctru.a(os.o)
                0x0000000000114dec                __ctru_speedup_config
 .text.srvInit  0x0000000000114e20      0x130 C:/Users/henry/Documents/devkitpro/libctru/lib\libctru.a(srv.o)
                0x0000000000114e20                srvInit
 .text.srvExit  0x0000000000114f50       0x58 C:/Users/henry/Documents/devkitpro/libctru/lib\libctru.a(srv.o)
                0x0000000000114f50                srvExit
 .text.srvEnableNotification
                0x0000000000114fa8       0x60 C:/Users/henry/Documents/devkitpro/libctru/lib\libctru.a(srv.o)
                0x0000000000114fa8                srvEnableNotification
 .text.srvGetServiceHandleDirect
                0x0000000000115008       0xa0 C:/Users/henry/Documents/devkitpro/libctru/lib\libctru.a(srv.o)
                0x0000000000115008                srvGetServiceHandleDirect
 .text.srvGetServiceHandle
                0x00000000001150a8       0x38 C:/Users/henry/Documents/devkitpro/libctru/lib\libctru.a(srv.o)
                0x00000000001150a8                srvGetServiceHandle
 .text.srvSubscribe
                0x00000000001150e0       0x34 C:/Users/henry/Documents/devkitpro/libctru/lib\libctru.a(srv.o)
                0x00000000001150e0                srvSubscribe
 .text.srvReceiveNotification
                0x0000000000115114       0x60 C:/Users/henry/Documents/devkitpro/libctru/lib\libctru.a(srv.o)
                0x0000000000115114                srvReceiveNotification
 .text.srvPublishToSubscriber
                0x0000000000115174       0x38 C:/Users/henry/Documents/devkitpro/libctru/lib\libctru.a(srv.o)
                0x0000000000115174                srvPublishToSubscriber
 .text.threadCreate
                0x00000000001151ac      0x1d0 C:/Users/henry/Documents/devkitpro/libctru/lib\libctru.a(thread.o)
                0x00000000001151ac                threadCreate
 .text.threadFree
                0x000000000011537c       0x2c C:/Users/henry/Documents/devkitpro/libctru/lib\libctru.a(thread.o)
                0x000000000011537c                threadFree
 .text.threadJoin
                0x00000000001153a8       0x24 C:/Users/henry/Documents/devkitpro/libctru/lib\libctru.a(thread.o)
                0x00000000001153a8                threadJoin
 .text.threadGetCurrent
                0x00000000001153cc       0x30 C:/Users/henry/Documents/devkitpro/libctru/lib\libctru.a(thread.o)
                0x00000000001153cc                threadGetCurrent
 .text.threadExit
                0x00000000001153fc       0x40 C:/Users/henry/Documents/devkitpro/libctru/lib\libctru.a(thread.o)
                0x00000000001153fc                threadExit
 .text._thread_begin
                0x000000000011543c       0x20 C:/Users/henry/Documents/devkitpro/libctru/lib\libctru.a(thread.o)
 .text.mappableFindAddressWithin
                0x000000000011545c       0xb4 C:/Users/henry/Documents/devkitpro/libctru/lib\libctru.a(mappable.o)
 .text.mappableInit
                0x0000000000115510       0x28 C:/Users/henry/Documents/devkitpro/libctru/lib\libctru.a(mappable.o)
                0x0000000000115510                mappableInit
 .text.mappableAlloc
                0x0000000000115538       0x80 C:/Users/henry/Documents/devkitpro/libctru/lib\libctru.a(mappable.o)
                0x0000000000115538                mappableAlloc
 .text.mappableFree
                0x00000000001155b8        0x4 C:/Users/henry/Documents/devkitpro/libctru/lib\libctru.a(mappable.o)
                0x00000000001155b8                mappableFree
 .text.irrstInit
                0x00000000001155bc      0x164 C:/Users/henry/Documents/devkitpro/libctru/lib\libctru.a(irrst.o)
                0x00000000001155bc                irrstInit
 .text.irrstExit
                0x0000000000115720       0xcc C:/Users/henry/Documents/devkitpro/libctru/lib\libctru.a(irrst.o)
                0x0000000000115720                irrstExit
 .text.irrstScanInput
                0x00000000001157ec       0xb4 C:/Users/henry/Documents/devkitpro/libctru/lib\libctru.a(irrst.o)
                0x00000000001157ec                irrstScanInput
 .text.irrstKeysHeld
                0x00000000001158a0       0x24 C:/Users/henry/Documents/devkitpro/libctru/lib\libctru.a(irrst.o)
                0x00000000001158a0                irrstKeysHeld
 .text.srvPmGetSessionHandle
                0x00000000001158c4        0xc C:/Users/henry/Documents/devkitpro/libctru/lib\libctru.a(srvpm.o)
                0x00000000001158c4                srvPmGetSessionHandle
 .text.ptmSysmInit
                0x00000000001158d0       0x74 C:/Users/henry/Documents/devkitpro/libctru/lib\libctru.a(ptmsysm.o)
                0x00000000001158d0                ptmSysmInit
 .text.ptmSysmExit
                0x0000000000115944       0x3c C:/Users/henry/Documents/devkitpro/libctru/lib\libctru.a(ptmsysm.o)
                0x0000000000115944                ptmSysmExit
 .text.PTMSYSM_ConfigureNew3DSCPU
                0x0000000000115980       0x34 C:/Users/henry/Documents/devkitpro/libctru/lib\libctru.a(ptmsysm.o)
                0x0000000000115980                PTMSYSM_ConfigureNew3DSCPU
 .text.rbtree_init
                0x00000000001159b4       0x10 C:/Users/henry/Documents/devkitpro/libctru/lib\libctru.a(rbtree_init.o)
                0x00000000001159b4                rbtree_init
 .text.do_insert
                0x00000000001159c4      0x1b4 C:/Users/henry/Documents/devkitpro/libctru/lib\libctru.a(rbtree_insert.o)
 .text.rbtree_insert
                0x0000000000115b78        0x8 C:/Users/henry/Documents/devkitpro/libctru/lib\libctru.a(rbtree_insert.o)
                0x0000000000115b78                rbtree_insert
 .text.rbtree_rotate
                0x0000000000115b80       0x90 C:/Users/henry/Documents/devkitpro/libctru/lib\libctru.a(rbtree_rotate.o)
                0x0000000000115b80                rbtree_rotate
 .text.rbtree_remove
                0x0000000000115c10      0x318 C:/Users/henry/Documents/devkitpro/libctru/lib\libctru.a(rbtree_remove.o)
                0x0000000000115c10                rbtree_remove
 .text.rbtree_find
                0x0000000000115f28       0x74 C:/Users/henry/Documents/devkitpro/libctru/lib\libctru.a(rbtree_find.o)
                0x0000000000115f28                rbtree_find
 .text.encode_utf16
                0x0000000000115f9c       0x54 C:/Users/henry/Documents/devkitpro/libctru/lib\libctru.a(encode_utf16.o)
                0x0000000000115f9c                encode_utf16
 .text.encode_utf8
                0x0000000000115ff0       0xe0 C:/Users/henry/Documents/devkitpro/libctru/lib\libctru.a(encode_utf8.o)
                0x0000000000115ff0                encode_utf8
 .text.decode_utf8
                0x00000000001160d0      0x13c C:/Users/henry/Documents/devkitpro/libctru/lib\libctru.a(decode_utf8.o)
                0x00000000001160d0                decode_utf8
 .text.__appInit
                0x000000000011620c       0x30 C:/Users/henry/Documents/devkitpro/libctru/lib\libctru.a(appInit.o)
                0x000000000011620c                __appInit
 .text.__syscall_getreent
                0x000000000011623c       0x30 C:/Users/henry/Documents/devkitpro/libctru/lib\libctru.a(syscalls.o)
                0x000000000011623c                __syscall_getreent
 .text.__syscall_lock_acquire
                0x000000000011626c        0x4 C:/Users/henry/Documents/devkitpro/libctru/lib\libctru.a(syscalls.o)
                0x000000000011626c                __syscall_lock_acquire
 .text.__syscall_lock_release
                0x0000000000116270        0x4 C:/Users/henry/Documents/devkitpro/libctru/lib\libctru.a(syscalls.o)
                0x0000000000116270                __syscall_lock_release
 .text.__syscall_lock_init_recursive
                0x0000000000116274        0x4 C:/Users/henry/Documents/devkitpro/libctru/lib\libctru.a(syscalls.o)
                0x0000000000116274                __syscall_lock_init_recursive
 .text.__syscall_lock_acquire_recursive
                0x0000000000116278        0x4 C:/Users/henry/Documents/devkitpro/libctru/lib\libctru.a(syscalls.o)
                0x0000000000116278                __syscall_lock_acquire_recursive
 .text.__syscall_lock_release_recursive
                0x000000000011627c        0x4 C:/Users/henry/Documents/devkitpro/libctru/lib\libctru.a(syscalls.o)
                0x000000000011627c                __syscall_lock_release_recursive
 .text.__syscall_exit
                0x0000000000116280        0x4 C:/Users/henry/Documents/devkitpro/libctru/lib\libctru.a(syscalls.o)
                0x0000000000116280                __syscall_exit
 .text.initThreadVars
                0x0000000000116284       0x50 C:/Users/henry/Documents/devkitpro/libctru/lib\libctru.a(syscalls.o)
                0x0000000000116284                initThreadVars
 .text.__system_initSyscalls
                0x00000000001162d4       0x80 C:/Users/henry/Documents/devkitpro/libctru/lib\libctru.a(syscalls.o)
                0x00000000001162d4                __system_initSyscalls
 *fill*         0x0000000000116354        0x4 
 .text.__system_allocateHeaps
                0x0000000000116358      0x1e0 C:/Users/henry/Documents/devkitpro/libctru/lib\libctru.a(allocateHeaps.o)
                0x0000000000116358                __system_allocateHeaps
 .text.__appExit
                0x0000000000116538       0x30 C:/Users/henry/Documents/devkitpro/libctru/lib\libctru.a(appExit.o)
                0x0000000000116538                __appExit
 .text.__libctru_exit
                0x0000000000116568       0x90 C:/Users/henry/Documents/devkitpro/libctru/lib\libctru.a(ctru_exit.o)
                0x0000000000116568                __libctru_exit
 .text.envGetHandle
                0x00000000001165f8       0x84 C:/Users/henry/Documents/devkitpro/libctru/lib\libctru.a(env.o)
                0x00000000001165f8                envGetHandle
 .text.envDestroyHandles
                0x000000000011667c       0x50 C:/Users/henry/Documents/devkitpro/libctru/lib\libctru.a(env.o)
                0x000000000011667c                envDestroyHandles
 .text.archive_link
                0x00000000001166cc       0x14 C:/Users/henry/Documents/devkitpro/libctru/lib\libctru.a(archive_dev.o)
 .text.archive_dirreset
                0x00000000001166e0       0x14 C:/Users/henry/Documents/devkitpro/libctru/lib\libctru.a(archive_dev.o)
 .text.archive_chmod
                0x00000000001166f4       0x14 C:/Users/henry/Documents/devkitpro/libctru/lib\libctru.a(archive_dev.o)
 .text.error_cmp
                0x0000000000116708       0x24 C:/Users/henry/Documents/devkitpro/libctru/lib\libctru.a(archive_dev.o)
 .text.archive_translate_error
                0x000000000011672c       0x50 C:/Users/henry/Documents/devkitpro/libctru/lib\libctru.a(archive_dev.o)
 .text.archive_seek
                0x000000000011677c       0xc8 C:/Users/henry/Documents/devkitpro/libctru/lib\libctru.a(archive_dev.o)
 .text._archiveInit.part.0
                0x0000000000116844       0x7c C:/Users/henry/Documents/devkitpro/libctru/lib\libctru.a(archive_dev.o)
 .text.archiveFindDevice.part.0
                0x00000000001168c0       0xc4 C:/Users/henry/Documents/devkitpro/libctru/lib\libctru.a(archive_dev.o)
 .text.archive_utf16path
                0x0000000000116984      0x25c C:/Users/henry/Documents/devkitpro/libctru/lib\libctru.a(archive_dev.o)
 .text._archiveUnmountDeviceStruct.part.0
                0x0000000000116be0       0xa0 C:/Users/henry/Documents/devkitpro/libctru/lib\libctru.a(archive_dev.o)
 .text.archive_fchmod
                0x0000000000116c80       0x14 C:/Users/henry/Documents/devkitpro/libctru/lib\libctru.a(archive_dev.o)
 .text.archive_statvfs
                0x0000000000116c94       0x14 C:/Users/henry/Documents/devkitpro/libctru/lib\libctru.a(archive_dev.o)
 .text._archiveMountDevice
                0x0000000000116ca8      0x164 C:/Users/henry/Documents/devkitpro/libctru/lib\libctru.a(archive_dev.o)
 .text.archive_diropen
                0x0000000000116e0c       0xe8 C:/Users/henry/Documents/devkitpro/libctru/lib\libctru.a(archive_dev.o)
 .text.archive_fstat
                0x0000000000116ef4       0xa4 C:/Users/henry/Documents/devkitpro/libctru/lib\libctru.a(archive_dev.o)
 .text.archive_close
                0x0000000000116f98       0x6c C:/Users/henry/Documents/devkitpro/libctru/lib\libctru.a(archive_dev.o)
 .text.archive_fsync
                0x0000000000117004       0x6c C:/Users/henry/Documents/devkitpro/libctru/lib\libctru.a(archive_dev.o)
 .text.archive_dirclose
                0x0000000000117070       0x70 C:/Users/henry/Documents/devkitpro/libctru/lib\libctru.a(archive_dev.o)
 .text.sdmc_statvfs
                0x00000000001170e0       0xe8 C:/Users/henry/Documents/devkitpro/libctru/lib\libctru.a(archive_dev.o)
 .text.archive_chdir
                0x00000000001171c8       0xec C:/Users/henry/Documents/devkitpro/libctru/lib\libctru.a(archive_dev.o)
 .text.archive_ftruncate
                0x00000000001172b4       0x7c C:/Users/henry/Documents/devkitpro/libctru/lib\libctru.a(archive_dev.o)
 .text.archive_read
                0x0000000000117330       0xac C:/Users/henry/Documents/devkitpro/libctru/lib\libctru.a(archive_dev.o)
 .text.archive_unlink
                0x00000000001173dc       0xa4 C:/Users/henry/Documents/devkitpro/libctru/lib\libctru.a(archive_dev.o)
 .text.archive_rmdir
                0x0000000000117480       0xbc C:/Users/henry/Documents/devkitpro/libctru/lib\libctru.a(archive_dev.o)
 .text.archive_mkdir
                0x000000000011753c       0xdc C:/Users/henry/Documents/devkitpro/libctru/lib\libctru.a(archive_dev.o)
 .text.archive_stat
                0x0000000000117618      0x19c C:/Users/henry/Documents/devkitpro/libctru/lib\libctru.a(archive_dev.o)
 .text.archive_dirnext
                0x00000000001177b4      0x15c C:/Users/henry/Documents/devkitpro/libctru/lib\libctru.a(archive_dev.o)
 .text.archive_write
                0x0000000000117910       0xec C:/Users/henry/Documents/devkitpro/libctru/lib\libctru.a(archive_dev.o)
 .text.archive_open
                0x00000000001179fc      0x1d4 C:/Users/henry/Documents/devkitpro/libctru/lib\libctru.a(archive_dev.o)
 .text.archive_rename
                0x0000000000117bd0      0x278 C:/Users/henry/Documents/devkitpro/libctru/lib\libctru.a(archive_dev.o)
 .text.archiveMountSdmc
                0x0000000000117e48      0x19c C:/Users/henry/Documents/devkitpro/libctru/lib\libctru.a(archive_dev.o)
                0x0000000000117e48                archiveMountSdmc
 .text.archiveUnmountAll
                0x0000000000117fe4       0x54 C:/Users/henry/Documents/devkitpro/libctru/lib\libctru.a(archive_dev.o)
                0x0000000000117fe4                archiveUnmountAll
 .text.fsInit   0x0000000000118038       0xcc C:/Users/henry/Documents/devkitpro/libctru/lib\libctru.a(fs.o)
                0x0000000000118038                fsInit
 .text.fsExit   0x0000000000118104       0x3c C:/Users/henry/Documents/devkitpro/libctru/lib\libctru.a(fs.o)
                0x0000000000118104                fsExit
 .text.fsExemptFromSession
                0x0000000000118140       0x60 C:/Users/henry/Documents/devkitpro/libctru/lib\libctru.a(fs.o)
                0x0000000000118140                fsExemptFromSession
 .text.fsUnexemptFromSession
                0x00000000001181a0       0x50 C:/Users/henry/Documents/devkitpro/libctru/lib\libctru.a(fs.o)
                0x00000000001181a0                fsUnexemptFromSession
 .text.FSUSER_OpenFile
                0x00000000001181f0       0xcc C:/Users/henry/Documents/devkitpro/libctru/lib\libctru.a(fs.o)
                0x00000000001181f0                FSUSER_OpenFile
 .text.FSUSER_DeleteFile
                0x00000000001182bc       0xbc C:/Users/henry/Documents/devkitpro/libctru/lib\libctru.a(fs.o)
                0x00000000001182bc                FSUSER_DeleteFile
 .text.FSUSER_RenameFile
                0x0000000000118378       0xf8 C:/Users/henry/Documents/devkitpro/libctru/lib\libctru.a(fs.o)
                0x0000000000118378                FSUSER_RenameFile
 .text.FSUSER_DeleteDirectory
                0x0000000000118470       0xbc C:/Users/henry/Documents/devkitpro/libctru/lib\libctru.a(fs.o)
                0x0000000000118470                FSUSER_DeleteDirectory
 .text.FSUSER_CreateFile
                0x000000000011852c       0xd4 C:/Users/henry/Documents/devkitpro/libctru/lib\libctru.a(fs.o)
                0x000000000011852c                FSUSER_CreateFile
 .text.FSUSER_CreateDirectory
                0x0000000000118600       0xc4 C:/Users/henry/Documents/devkitpro/libctru/lib\libctru.a(fs.o)
                0x0000000000118600                FSUSER_CreateDirectory
 .text.FSUSER_RenameDirectory
                0x00000000001186c4       0xf8 C:/Users/henry/Documents/devkitpro/libctru/lib\libctru.a(fs.o)
                0x00000000001186c4                FSUSER_RenameDirectory
 .text.FSUSER_OpenDirectory
                0x00000000001187bc       0xb4 C:/Users/henry/Documents/devkitpro/libctru/lib\libctru.a(fs.o)
                0x00000000001187bc                FSUSER_OpenDirectory
 .text.FSUSER_OpenArchive
                0x0000000000118870       0x98 C:/Users/henry/Documents/devkitpro/libctru/lib\libctru.a(fs.o)
                0x0000000000118870                FSUSER_OpenArchive
 .text.FSUSER_CloseArchive
                0x0000000000118908       0x8c C:/Users/henry/Documents/devkitpro/libctru/lib\libctru.a(fs.o)
                0x0000000000118908                FSUSER_CloseArchive
 .text.FSUSER_GetSdmcArchiveResource
                0x0000000000118994       0x74 C:/Users/henry/Documents/devkitpro/libctru/lib\libctru.a(fs.o)
                0x0000000000118994                FSUSER_GetSdmcArchiveResource
 .text.FSUSER_IsSdmcWritable
                0x0000000000118a08       0x64 C:/Users/henry/Documents/devkitpro/libctru/lib\libctru.a(fs.o)
                0x0000000000118a08                FSUSER_IsSdmcWritable
 .text.FSFILE_Read
                0x0000000000118a6c       0x58 C:/Users/henry/Documents/devkitpro/libctru/lib\libctru.a(fs.o)
                0x0000000000118a6c                FSFILE_Read
 .text.FSFILE_Write
                0x0000000000118ac4       0x60 C:/Users/henry/Documents/devkitpro/libctru/lib\libctru.a(fs.o)
                0x0000000000118ac4                FSFILE_Write
 .text.FSFILE_GetSize
                0x0000000000118b24       0x3c C:/Users/henry/Documents/devkitpro/libctru/lib\libctru.a(fs.o)
                0x0000000000118b24                FSFILE_GetSize
 .text.FSFILE_SetSize
                0x0000000000118b60       0x28 C:/Users/henry/Documents/devkitpro/libctru/lib\libctru.a(fs.o)
                0x0000000000118b60                FSFILE_SetSize
 .text.FSFILE_Close
                0x0000000000118b88       0x3c C:/Users/henry/Documents/devkitpro/libctru/lib\libctru.a(fs.o)
                0x0000000000118b88                FSFILE_Close
 .text.FSFILE_Flush
                0x0000000000118bc4       0x24 C:/Users/henry/Documents/devkitpro/libctru/lib\libctru.a(fs.o)
                0x0000000000118bc4                FSFILE_Flush
 .text.FSDIR_Read
                0x0000000000118be8       0x50 C:/Users/henry/Documents/devkitpro/libctru/lib\libctru.a(fs.o)
                0x0000000000118be8                FSDIR_Read
 .text.FSDIR_Close
                0x0000000000118c38       0x3c C:/Users/henry/Documents/devkitpro/libctru/lib\libctru.a(fs.o)
                0x0000000000118c38                FSDIR_Close
 .text.rbtree_node_next
                0x0000000000118c74       0x5c C:/Users/henry/Documents/devkitpro/libctru/lib\libctru.a(rbtree_iterator.o)
                0x0000000000118c74                rbtree_node_next
 .text.__aeabi_read_tp
                0x0000000000118cd0        0xc C:/Users/henry/Documents/devkitpro/libctru/lib\libctru.a(readtp.o)
                0x0000000000118cd0                __aeabi_read_tp
 .text.__udivmoddi4
                0x0000000000118cdc      0x120 c:/users/henry/documents/devkitpro/devkitarm/bin/../lib/gcc/arm-none-eabi/12.2.0/armv6k/fpu\libgcc.a(_udivmoddi4.o)
                0x0000000000118cdc                __udivmoddi4
 .text.bsearch  0x0000000000118dfc       0x78 c:/users/henry/documents/devkitpro/devkitarm/bin/../lib/gcc/arm-none-eabi/12.2.0/../../../../arm-none-eabi/lib/armv6k/fpu\libg.a(lib_a-bsearch.o)
                0x0000000000118dfc                bsearch
 .text.__errno  0x0000000000118e74        0xc c:/users/henry/documents/devkitpro/devkitarm/bin/../lib/gcc/arm-none-eabi/12.2.0/../../../../arm-none-eabi/lib/armv6k/fpu\libg.a(lib_a-errno.o)
                0x0000000000118e74                __errno
 .text.exit     0x0000000000118e80       0x34 c:/users/henry/documents/devkitpro/devkitarm/bin/../lib/gcc/arm-none-eabi/12.2.0/../../../../arm-none-eabi/lib/armv6k/fpu\libg.a(lib_a-exit.o)
                0x0000000000118e80                exit
 .text.__sflush_r
                0x0000000000118eb4      0x234 c:/users/henry/documents/devkitpro/devkitarm/bin/../lib/gcc/arm-none-eabi/12.2.0/../../../../arm-none-eabi/lib/armv6k/fpu\libg.a(lib_a-fflush.o)
                0x0000000000118eb4                __sflush_r
 .text._fflush_r
                0x00000000001190e8       0x94 c:/users/henry/documents/devkitpro/devkitarm/bin/../lib/gcc/arm-none-eabi/12.2.0/../../../../arm-none-eabi/lib/armv6k/fpu\libg.a(lib_a-fflush.o)
                0x00000000001190e8                _fflush_r
 .text._cleanup_r
                0x000000000011917c        0xc c:/users/henry/documents/devkitpro/devkitarm/bin/../lib/gcc/arm-none-eabi/12.2.0/../../../../arm-none-eabi/lib/armv6k/fpu\libg.a(lib_a-findfp.o)
                0x000000000011917c                _cleanup_r
 .text.__sinit  0x0000000000119188      0x184 c:/users/henry/documents/devkitpro/devkitarm/bin/../lib/gcc/arm-none-eabi/12.2.0/../../../../arm-none-eabi/lib/armv6k/fpu\libg.a(lib_a-findfp.o)
                0x0000000000119188                __sinit
 .text.__sfp_lock_acquire
                0x000000000011930c        0xc c:/users/henry/documents/devkitpro/devkitarm/bin/../lib/gcc/arm-none-eabi/12.2.0/../../../../arm-none-eabi/lib/armv6k/fpu\libg.a(lib_a-findfp.o)
                0x000000000011930c                __sfp_lock_acquire
 .text.__sfp_lock_release
                0x0000000000119318        0xc c:/users/henry/documents/devkitpro/devkitarm/bin/../lib/gcc/arm-none-eabi/12.2.0/../../../../arm-none-eabi/lib/armv6k/fpu\libg.a(lib_a-findfp.o)
                0x0000000000119318                __sfp_lock_release
 .text.__libc_fini_array
                0x0000000000119324       0x3c c:/users/henry/documents/devkitpro/devkitarm/bin/../lib/gcc/arm-none-eabi/12.2.0/../../../../arm-none-eabi/lib/armv6k/fpu\libg.a(lib_a-fini.o)
                0x0000000000119324                __libc_fini_array
 .text._malloc_trim_r
                0x0000000000119360       0xf8 c:/users/henry/documents/devkitpro/devkitarm/bin/../lib/gcc/arm-none-eabi/12.2.0/../../../../arm-none-eabi/lib/armv6k/fpu\libg.a(lib_a-freer.o)
                0x0000000000119360                _malloc_trim_r
 .text._free_r  0x0000000000119458      0x2e8 c:/users/henry/documents/devkitpro/devkitarm/bin/../lib/gcc/arm-none-eabi/12.2.0/../../../../arm-none-eabi/lib/armv6k/fpu\libg.a(lib_a-freer.o)
                0x0000000000119458                _free_r
 .text._fwalk_reent
                0x0000000000119740       0x70 c:/users/henry/documents/devkitpro/devkitarm/bin/../lib/gcc/arm-none-eabi/12.2.0/../../../../arm-none-eabi/lib/armv6k/fpu\libg.a(lib_a-fwalk.o)
                0x0000000000119740                _fwalk_reent
 .text.__libc_init_array
                0x00000000001197b0       0x84 c:/users/henry/documents/devkitpro/devkitarm/bin/../lib/gcc/arm-none-eabi/12.2.0/../../../../arm-none-eabi/lib/armv6k/fpu\libg.a(lib_a-init.o)
                0x00000000001197b0                __libc_init_array
 .text.memalign
                0x0000000000119834       0x20 c:/users/henry/documents/devkitpro/devkitarm/bin/../lib/gcc/arm-none-eabi/12.2.0/../../../../arm-none-eabi/lib/armv6k/fpu\libg.a(lib_a-malign.o)
                0x0000000000119834                memalign
 .text._memalign_r
                0x0000000000119854      0x14c c:/users/henry/documents/devkitpro/devkitarm/bin/../lib/gcc/arm-none-eabi/12.2.0/../../../../arm-none-eabi/lib/armv6k/fpu\libg.a(lib_a-malignr.o)
                0x0000000000119854                _memalign_r
 .text.malloc   0x00000000001199a0       0x18 c:/users/henry/documents/devkitpro/devkitarm/bin/../lib/gcc/arm-none-eabi/12.2.0/../../../../arm-none-eabi/lib/armv6k/fpu\libg.a(lib_a-malloc.o)
                0x00000000001199a0                malloc
 .text.free     0x00000000001199b8       0x18 c:/users/henry/documents/devkitpro/devkitarm/bin/../lib/gcc/arm-none-eabi/12.2.0/../../../../arm-none-eabi/lib/armv6k/fpu\libg.a(lib_a-malloc.o)
                0x00000000001199b8                free
 .text._malloc_r
                0x00000000001199d0      0x7e4 c:/users/henry/documents/devkitpro/devkitarm/bin/../lib/gcc/arm-none-eabi/12.2.0/../../../../arm-none-eabi/lib/armv6k/fpu\libg.a(lib_a-mallocr.o)
                0x00000000001199d0                _malloc_r
 .text.memchr   0x000000000011a1b4       0xe4 c:/users/henry/documents/devkitpro/devkitarm/bin/../lib/gcc/arm-none-eabi/12.2.0/../../../../arm-none-eabi/lib/armv6k/fpu\libg.a(lib_a-memchr-stub.o)
                0x000000000011a1b4                memchr
 .text.memcpy   0x000000000011a298      0x118 c:/users/henry/documents/devkitpro/devkitarm/bin/../lib/gcc/arm-none-eabi/12.2.0/../../../../arm-none-eabi/lib/armv6k/fpu\libg.a(lib_a-memcpy-stub.o)
                0x000000000011a298                memcpy
 .text.memset   0x000000000011a3b0       0xf4 c:/users/henry/documents/devkitpro/devkitarm/bin/../lib/gcc/arm-none-eabi/12.2.0/../../../../arm-none-eabi/lib/armv6k/fpu\libg.a(lib_a-memset.o)
                0x000000000011a3b0                memset
 .text.__malloc_lock
                0x000000000011a4a4        0xc c:/users/henry/documents/devkitpro/devkitarm/bin/../lib/gcc/arm-none-eabi/12.2.0/../../../../arm-none-eabi/lib/armv6k/fpu\libg.a(lib_a-mlock.o)
                0x000000000011a4a4                __malloc_lock
 .text.__malloc_unlock
                0x000000000011a4b0        0xc c:/users/henry/documents/devkitpro/devkitarm/bin/../lib/gcc/arm-none-eabi/12.2.0/../../../../arm-none-eabi/lib/armv6k/fpu\libg.a(lib_a-mlock.o)
                0x000000000011a4b0                __malloc_unlock
 .text.printf   0x000000000011a4bc       0x34 c:/users/henry/documents/devkitpro/devkitarm/bin/../lib/gcc/arm-none-eabi/12.2.0/../../../../arm-none-eabi/lib/armv6k/fpu\libg.a(lib_a-printf.o)
                0x000000000011a4bc                printf
 .text.putchar  0x000000000011a4f0       0x1c c:/users/henry/documents/devkitpro/devkitarm/bin/../lib/gcc/arm-none-eabi/12.2.0/../../../../arm-none-eabi/lib/armv6k/fpu\libg.a(lib_a-putchar.o)
                0x000000000011a4f0                putchar
 .text._putc_r  0x000000000011a50c       0xdc c:/users/henry/documents/devkitpro/devkitarm/bin/../lib/gcc/arm-none-eabi/12.2.0/../../../../arm-none-eabi/lib/armv6k/fpu\libg.a(lib_a-putc.o)
                0x000000000011a50c                _putc_r
 .text._puts_r  0x000000000011a5e8       0xe0 c:/users/henry/documents/devkitpro/devkitarm/bin/../lib/gcc/arm-none-eabi/12.2.0/../../../../arm-none-eabi/lib/armv6k/fpu\libg.a(lib_a-puts.o)
                0x000000000011a5e8                _puts_r
 .text.puts     0x000000000011a6c8       0x18 c:/users/henry/documents/devkitpro/devkitarm/bin/../lib/gcc/arm-none-eabi/12.2.0/../../../../arm-none-eabi/lib/armv6k/fpu\libg.a(lib_a-puts.o)
                0x000000000011a6c8                puts
 .text.setvbuf  0x000000000011a6e0      0x25c c:/users/henry/documents/devkitpro/devkitarm/bin/../lib/gcc/arm-none-eabi/12.2.0/../../../../arm-none-eabi/lib/armv6k/fpu\libg.a(lib_a-setvbuf.o)
                0x000000000011a6e0                setvbuf
 .text.sscanf   0x000000000011a93c       0x74 c:/users/henry/documents/devkitpro/devkitarm/bin/../lib/gcc/arm-none-eabi/12.2.0/../../../../arm-none-eabi/lib/armv6k/fpu\libg.a(lib_a-sscanf.o)
                0x000000000011a93c                sscanf
 .text.__sread  0x000000000011a9b0       0x44 c:/users/henry/documents/devkitpro/devkitarm/bin/../lib/gcc/arm-none-eabi/12.2.0/../../../../arm-none-eabi/lib/armv6k/fpu\libg.a(lib_a-stdio.o)
                0x000000000011a9b0                __sread
 .text.__seofread
                0x000000000011a9f4        0x8 c:/users/henry/documents/devkitpro/devkitarm/bin/../lib/gcc/arm-none-eabi/12.2.0/../../../../arm-none-eabi/lib/armv6k/fpu\libg.a(lib_a-stdio.o)
                0x000000000011a9f4                __seofread
 .text.__swrite
                0x000000000011a9fc       0x68 c:/users/henry/documents/devkitpro/devkitarm/bin/../lib/gcc/arm-none-eabi/12.2.0/../../../../arm-none-eabi/lib/armv6k/fpu\libg.a(lib_a-stdio.o)
                0x000000000011a9fc                __swrite
 .text.__sseek  0x000000000011aa64       0x44 c:/users/henry/documents/devkitpro/devkitarm/bin/../lib/gcc/arm-none-eabi/12.2.0/../../../../arm-none-eabi/lib/armv6k/fpu\libg.a(lib_a-stdio.o)
                0x000000000011aa64                __sseek
 .text.__sclose
                0x000000000011aaa8        0x8 c:/users/henry/documents/devkitpro/devkitarm/bin/../lib/gcc/arm-none-eabi/12.2.0/../../../../arm-none-eabi/lib/armv6k/fpu\libg.a(lib_a-stdio.o)
                0x000000000011aaa8                __sclose
 .text.strlen   0x000000000011aab0       0x5c c:/users/henry/documents/devkitpro/devkitarm/bin/../lib/gcc/arm-none-eabi/12.2.0/../../../../arm-none-eabi/lib/armv6k/fpu\libg.a(lib_a-strlen-stub.o)
                0x000000000011aab0                strlen
 .text.strncat  0x000000000011ab0c       0xe4 c:/users/henry/documents/devkitpro/devkitarm/bin/../lib/gcc/arm-none-eabi/12.2.0/../../../../arm-none-eabi/lib/armv6k/fpu\libg.a(lib_a-strncat.o)
                0x000000000011ab0c                strncat
 .text.strncmp  0x000000000011abf0       0xe4 c:/users/henry/documents/devkitpro/devkitarm/bin/../lib/gcc/arm-none-eabi/12.2.0/../../../../arm-none-eabi/lib/armv6k/fpu\libg.a(lib_a-strncmp.o)
                0x000000000011abf0                strncmp
 .text.strncpy  0x000000000011acd4       0xc4 c:/users/henry/documents/devkitpro/devkitarm/bin/../lib/gcc/arm-none-eabi/12.2.0/../../../../arm-none-eabi/lib/armv6k/fpu\libg.a(lib_a-strncpy.o)
                0x000000000011acd4                strncpy
 .text.strnlen  0x000000000011ad98       0x48 c:/users/henry/documents/devkitpro/devkitarm/bin/../lib/gcc/arm-none-eabi/12.2.0/../../../../arm-none-eabi/lib/armv6k/fpu\libg.a(lib_a-strnlen.o)
                0x000000000011ad98                strnlen
 .text._strtoul_l.constprop.0
                0x000000000011ade0      0x1c4 c:/users/henry/documents/devkitpro/devkitarm/bin/../lib/gcc/arm-none-eabi/12.2.0/../../../../arm-none-eabi/lib/armv6k/fpu\libg.a(lib_a-strtoul.o)
 .text._strtoul_r
                0x000000000011afa4        0x4 c:/users/henry/documents/devkitpro/devkitarm/bin/../lib/gcc/arm-none-eabi/12.2.0/../../../../arm-none-eabi/lib/armv6k/fpu\libg.a(lib_a-strtoul.o)
                0x000000000011afa4                _strtoul_r
 .text.strtoul  0x000000000011afa8       0x28 c:/users/henry/documents/devkitpro/devkitarm/bin/../lib/gcc/arm-none-eabi/12.2.0/../../../../arm-none-eabi/lib/armv6k/fpu\libg.a(lib_a-strtoul.o)
                0x000000000011afa8                strtoul
 .text.get_arg  0x000000000011afd0       0x50 c:/users/henry/documents/devkitpro/devkitarm/bin/../lib/gcc/arm-none-eabi/12.2.0/../../../../arm-none-eabi/lib/armv6k/fpu\libg.a(lib_a-svfscanf.o)
 .text.__ssvfscanf_r
                0x000000000011b020     0x2c38 c:/users/henry/documents/devkitpro/devkitarm/bin/../lib/gcc/arm-none-eabi/12.2.0/../../../../arm-none-eabi/lib/armv6k/fpu\libg.a(lib_a-svfscanf.o)
                0x000000000011b020                __ssvfscanf_r
 .text.get_arg  0x000000000011dc58      0x66c c:/users/henry/documents/devkitpro/devkitarm/bin/../lib/gcc/arm-none-eabi/12.2.0/../../../../arm-none-eabi/lib/armv6k/fpu\libg.a(lib_a-vfprintf.o)
 *fill*         0x000000000011e2c4        0x4 
 .text._vfprintf_r
                0x000000000011e2c8     0x339c c:/users/henry/documents/devkitpro/devkitarm/bin/../lib/gcc/arm-none-eabi/12.2.0/../../../../arm-none-eabi/lib/armv6k/fpu\libg.a(lib_a-vfprintf.o)
                0x000000000011e2c8                _vfprintf_r
 .text.__sbprintf
                0x0000000000121664       0xd0 c:/users/henry/documents/devkitpro/devkitarm/bin/../lib/gcc/arm-none-eabi/12.2.0/../../../../arm-none-eabi/lib/armv6k/fpu\libg.a(lib_a-vfprintf.o)
 .text.__swbuf_r
                0x0000000000121734      0x108 c:/users/henry/documents/devkitpro/devkitarm/bin/../lib/gcc/arm-none-eabi/12.2.0/../../../../arm-none-eabi/lib/armv6k/fpu\libg.a(lib_a-wbuf.o)
                0x0000000000121734                __swbuf_r
 .text._wcrtomb_r
                0x000000000012183c       0x54 c:/users/henry/documents/devkitpro/devkitarm/bin/../lib/gcc/arm-none-eabi/12.2.0/../../../../arm-none-eabi/lib/armv6k/fpu\libg.a(lib_a-wcrtomb.o)
                0x000000000012183c                _wcrtomb_r
 .text._wcsrtombs_r
                0x0000000000121890       0x28 c:/users/henry/documents/devkitpro/devkitarm/bin/../lib/gcc/arm-none-eabi/12.2.0/../../../../arm-none-eabi/lib/armv6k/fpu\libg.a(lib_a-wcsrtombs.o)
                0x0000000000121890                _wcsrtombs_r
 .text.__swsetup_r
                0x00000000001218b8      0x13c c:/users/henry/documents/devkitpro/devkitarm/bin/../lib/gcc/arm-none-eabi/12.2.0/../../../../arm-none-eabi/lib/armv6k/fpu\libg.a(lib_a-wsetup.o)
                0x00000000001218b8                __swsetup_r
 .text.__call_exitprocs
                0x00000000001219f4      0x114 c:/users/henry/documents/devkitpro/devkitarm/bin/../lib/gcc/arm-none-eabi/12.2.0/../../../../arm-none-eabi/lib/armv6k/fpu\libg.a(lib_a-__call_atexit.o)
                0x00000000001219f4                __call_exitprocs
 .text.quorem   0x0000000000121b08      0x1b0 c:/users/henry/documents/devkitpro/devkitarm/bin/../lib/gcc/arm-none-eabi/12.2.0/../../../../arm-none-eabi/lib/armv6k/fpu\libg.a(lib_a-dtoa.o)
 .text._dtoa_r  0x0000000000121cb8     0x11f8 c:/users/henry/documents/devkitpro/devkitarm/bin/../lib/gcc/arm-none-eabi/12.2.0/../../../../arm-none-eabi/lib/armv6k/fpu\libg.a(lib_a-dtoa.o)
                0x0000000000121cb8                _dtoa_r
 .text._fclose_r
                0x0000000000122eb0      0x15c c:/users/henry/documents/devkitpro/devkitarm/bin/../lib/gcc/arm-none-eabi/12.2.0/../../../../arm-none-eabi/lib/armv6k/fpu\libg.a(lib_a-fclose.o)
                0x0000000000122eb0                _fclose_r
 .text.__sfvwrite_r
                0x000000000012300c      0x4b4 c:/users/henry/documents/devkitpro/devkitarm/bin/../lib/gcc/arm-none-eabi/12.2.0/../../../../arm-none-eabi/lib/armv6k/fpu\libg.a(lib_a-fvwrite.o)
                0x000000000012300c                __sfvwrite_r
 .text.iswspace
                0x00000000001234c0        0x8 c:/users/henry/documents/devkitpro/devkitarm/bin/../lib/gcc/arm-none-eabi/12.2.0/../../../../arm-none-eabi/lib/armv6k/fpu\libg.a(lib_a-iswspace.o)
                0x00000000001234c0                iswspace
 .text._localeconv_r
                0x00000000001234c8        0xc c:/users/henry/documents/devkitpro/devkitarm/bin/../lib/gcc/arm-none-eabi/12.2.0/../../../../arm-none-eabi/lib/armv6k/fpu\libg.a(lib_a-localeconv.o)
                0x00000000001234c8                _localeconv_r
 .text.__locale_mb_cur_max
                0x00000000001234d4       0x10 c:/users/henry/documents/devkitpro/devkitarm/bin/../lib/gcc/arm-none-eabi/12.2.0/../../../../arm-none-eabi/lib/armv6k/fpu\libg.a(lib_a-locale.o)
                0x00000000001234d4                __locale_mb_cur_max
 .text.__smakebuf_r
                0x00000000001234e4      0x138 c:/users/henry/documents/devkitpro/devkitarm/bin/../lib/gcc/arm-none-eabi/12.2.0/../../../../arm-none-eabi/lib/armv6k/fpu\libg.a(lib_a-makebuf.o)
                0x00000000001234e4                __smakebuf_r
 .text.__swhatbuf_r
                0x000000000012361c       0x8c c:/users/henry/documents/devkitpro/devkitarm/bin/../lib/gcc/arm-none-eabi/12.2.0/../../../../arm-none-eabi/lib/armv6k/fpu\libg.a(lib_a-makebuf.o)
                0x000000000012361c                __swhatbuf_r
 .text._mbrtowc_r
                0x00000000001236a8       0x68 c:/users/henry/documents/devkitpro/devkitarm/bin/../lib/gcc/arm-none-eabi/12.2.0/../../../../arm-none-eabi/lib/armv6k/fpu\libg.a(lib_a-mbrtowc.o)
                0x00000000001236a8                _mbrtowc_r
 .text.__utf8_mbtowc
                0x0000000000123710      0x2f8 c:/users/henry/documents/devkitpro/devkitarm/bin/../lib/gcc/arm-none-eabi/12.2.0/../../../../arm-none-eabi/lib/armv6k/fpu\libg.a(lib_a-mbtowc_r.o)
                0x0000000000123710                __utf8_mbtowc
 .text.memmove  0x0000000000123a08      0x150 c:/users/henry/documents/devkitpro/devkitarm/bin/../lib/gcc/arm-none-eabi/12.2.0/../../../../arm-none-eabi/lib/armv6k/fpu\libg.a(lib_a-memmove.o)
                0x0000000000123a08                memmove
 .text._Balloc  0x0000000000123b58       0x88 c:/users/henry/documents/devkitpro/devkitarm/bin/../lib/gcc/arm-none-eabi/12.2.0/../../../../arm-none-eabi/lib/armv6k/fpu\libg.a(lib_a-mprec.o)
                0x0000000000123b58                _Balloc
 .text._Bfree   0x0000000000123be0       0x1c c:/users/henry/documents/devkitpro/devkitarm/bin/../lib/gcc/arm-none-eabi/12.2.0/../../../../arm-none-eabi/lib/armv6k/fpu\libg.a(lib_a-mprec.o)
                0x0000000000123be0                _Bfree
 .text.__multadd
                0x0000000000123bfc       0xf4 c:/users/henry/documents/devkitpro/devkitarm/bin/../lib/gcc/arm-none-eabi/12.2.0/../../../../arm-none-eabi/lib/armv6k/fpu\libg.a(lib_a-mprec.o)
                0x0000000000123bfc                __multadd
 .text.__s2b    0x0000000000123cf0      0x110 c:/users/henry/documents/devkitpro/devkitarm/bin/../lib/gcc/arm-none-eabi/12.2.0/../../../../arm-none-eabi/lib/armv6k/fpu\libg.a(lib_a-mprec.o)
                0x0000000000123cf0                __s2b
 .text.__hi0bits
                0x0000000000123e00       0x60 c:/users/henry/documents/devkitpro/devkitarm/bin/../lib/gcc/arm-none-eabi/12.2.0/../../../../arm-none-eabi/lib/armv6k/fpu\libg.a(lib_a-mprec.o)
                0x0000000000123e00                __hi0bits
 .text.__lo0bits
                0x0000000000123e60       0x9c c:/users/henry/documents/devkitpro/devkitarm/bin/../lib/gcc/arm-none-eabi/12.2.0/../../../../arm-none-eabi/lib/armv6k/fpu\libg.a(lib_a-mprec.o)
                0x0000000000123e60                __lo0bits
 .text.__i2b    0x0000000000123efc       0xa8 c:/users/henry/documents/devkitpro/devkitarm/bin/../lib/gcc/arm-none-eabi/12.2.0/../../../../arm-none-eabi/lib/armv6k/fpu\libg.a(lib_a-mprec.o)
                0x0000000000123efc                __i2b
 .text.__multiply
                0x0000000000123fa4      0x204 c:/users/henry/documents/devkitpro/devkitarm/bin/../lib/gcc/arm-none-eabi/12.2.0/../../../../arm-none-eabi/lib/armv6k/fpu\libg.a(lib_a-mprec.o)
                0x0000000000123fa4                __multiply
 .text.__pow5mult
                0x00000000001241a8      0x124 c:/users/henry/documents/devkitpro/devkitarm/bin/../lib/gcc/arm-none-eabi/12.2.0/../../../../arm-none-eabi/lib/armv6k/fpu\libg.a(lib_a-mprec.o)
                0x00000000001241a8                __pow5mult
 .text.__lshift
                0x00000000001242cc      0x140 c:/users/henry/documents/devkitpro/devkitarm/bin/../lib/gcc/arm-none-eabi/12.2.0/../../../../arm-none-eabi/lib/armv6k/fpu\libg.a(lib_a-mprec.o)
                0x00000000001242cc                __lshift
 .text.__mcmp   0x000000000012440c       0x58 c:/users/henry/documents/devkitpro/devkitarm/bin/../lib/gcc/arm-none-eabi/12.2.0/../../../../arm-none-eabi/lib/armv6k/fpu\libg.a(lib_a-mprec.o)
                0x000000000012440c                __mcmp
 .text.__mdiff  0x0000000000124464      0x1ec c:/users/henry/documents/devkitpro/devkitarm/bin/../lib/gcc/arm-none-eabi/12.2.0/../../../../arm-none-eabi/lib/armv6k/fpu\libg.a(lib_a-mprec.o)
                0x0000000000124464                __mdiff
 .text.__ulp    0x0000000000124650       0x68 c:/users/henry/documents/devkitpro/devkitarm/bin/../lib/gcc/arm-none-eabi/12.2.0/../../../../arm-none-eabi/lib/armv6k/fpu\libg.a(lib_a-mprec.o)
                0x0000000000124650                __ulp
 .text.__b2d    0x00000000001246b8       0xd0 c:/users/henry/documents/devkitpro/devkitarm/bin/../lib/gcc/arm-none-eabi/12.2.0/../../../../arm-none-eabi/lib/armv6k/fpu\libg.a(lib_a-mprec.o)
                0x00000000001246b8                __b2d
 .text.__d2b    0x0000000000124788      0x120 c:/users/henry/documents/devkitpro/devkitarm/bin/../lib/gcc/arm-none-eabi/12.2.0/../../../../arm-none-eabi/lib/armv6k/fpu\libg.a(lib_a-mprec.o)
                0x0000000000124788                __d2b
 .text.__ratio  0x00000000001248a8       0x78 c:/users/henry/documents/devkitpro/devkitarm/bin/../lib/gcc/arm-none-eabi/12.2.0/../../../../arm-none-eabi/lib/armv6k/fpu\libg.a(lib_a-mprec.o)
                0x00000000001248a8                __ratio
 .text.__copybits
                0x0000000000124920       0x88 c:/users/henry/documents/devkitpro/devkitarm/bin/../lib/gcc/arm-none-eabi/12.2.0/../../../../arm-none-eabi/lib/armv6k/fpu\libg.a(lib_a-mprec.o)
                0x0000000000124920                __copybits
 .text.__any_on
                0x00000000001249a8       0x5c c:/users/henry/documents/devkitpro/devkitarm/bin/../lib/gcc/arm-none-eabi/12.2.0/../../../../arm-none-eabi/lib/armv6k/fpu\libg.a(lib_a-mprec.o)
                0x00000000001249a8                __any_on
 .text.realloc  0x0000000000124a04       0x20 c:/users/henry/documents/devkitpro/devkitarm/bin/../lib/gcc/arm-none-eabi/12.2.0/../../../../arm-none-eabi/lib/armv6k/fpu\libg.a(lib_a-realloc.o)
                0x0000000000124a04                realloc
 .text._realloc_r
                0x0000000000124a24      0x4a0 c:/users/henry/documents/devkitpro/devkitarm/bin/../lib/gcc/arm-none-eabi/12.2.0/../../../../arm-none-eabi/lib/armv6k/fpu\libg.a(lib_a-reallocr.o)
                0x0000000000124a24                _realloc_r
 .text.__sccl   0x0000000000124ec4       0xf4 c:/users/henry/documents/devkitpro/devkitarm/bin/../lib/gcc/arm-none-eabi/12.2.0/../../../../arm-none-eabi/lib/armv6k/fpu\libg.a(lib_a-sccl.o)
                0x0000000000124ec4                __sccl
 .text.nanf     0x0000000000124fb8        0xc c:/users/henry/documents/devkitpro/devkitarm/bin/../lib/gcc/arm-none-eabi/12.2.0/../../../../arm-none-eabi/lib/armv6k/fpu\libg.a(lib_a-sf_nan.o)
                0x0000000000124fb8                nanf
 *fill*         0x0000000000124fc4        0x4 
 .text.frexp    0x0000000000124fc8       0x88 c:/users/henry/documents/devkitpro/devkitarm/bin/../lib/gcc/arm-none-eabi/12.2.0/../../../../arm-none-eabi/lib/armv6k/fpu\libg.a(lib_a-s_frexp.o)
                0x0000000000124fc8                frexp
 .text.sprintf  0x0000000000125050       0x64 c:/users/henry/documents/devkitpro/devkitarm/bin/../lib/gcc/arm-none-eabi/12.2.0/../../../../arm-none-eabi/lib/armv6k/fpu\libg.a(lib_a-sprintf.o)
                0x0000000000125050                sprintf
 .text.stpncpy  0x00000000001250b4       0xcc c:/users/henry/documents/devkitpro/devkitarm/bin/../lib/gcc/arm-none-eabi/12.2.0/../../../../arm-none-eabi/lib/armv6k/fpu\libg.a(lib_a-stpncpy.o)
                0x00000000001250b4                stpncpy
 .text.strchr   0x0000000000125180      0x130 c:/users/henry/documents/devkitpro/devkitarm/bin/../lib/gcc/arm-none-eabi/12.2.0/../../../../arm-none-eabi/lib/armv6k/fpu\libg.a(lib_a-strchr.o)
                0x0000000000125180                strchr
 .text.sulp     0x00000000001252b0       0x64 c:/users/henry/documents/devkitpro/devkitarm/bin/../lib/gcc/arm-none-eabi/12.2.0/../../../../arm-none-eabi/lib/armv6k/fpu\libg.a(lib_a-strtod.o)
 *fill*         0x0000000000125314        0x4 
 .text._strtod_l
                0x0000000000125318     0x13a8 c:/users/henry/documents/devkitpro/devkitarm/bin/../lib/gcc/arm-none-eabi/12.2.0/../../../../arm-none-eabi/lib/armv6k/fpu\libg.a(lib_a-strtod.o)
                0x0000000000125318                _strtod_l
 .text._strtod_r
                0x00000000001266c0        0xc c:/users/henry/documents/devkitpro/devkitarm/bin/../lib/gcc/arm-none-eabi/12.2.0/../../../../arm-none-eabi/lib/armv6k/fpu\libg.a(lib_a-strtod.o)
                0x00000000001266c0                _strtod_r
 .text._strtoll_l.constprop.0
                0x00000000001266cc      0x22c c:/users/henry/documents/devkitpro/devkitarm/bin/../lib/gcc/arm-none-eabi/12.2.0/../../../../arm-none-eabi/lib/armv6k/fpu\libg.a(lib_a-strtoll.o)
 .text._strtoll_r
                0x00000000001268f8        0x4 c:/users/henry/documents/devkitpro/devkitarm/bin/../lib/gcc/arm-none-eabi/12.2.0/../../../../arm-none-eabi/lib/armv6k/fpu\libg.a(lib_a-strtoll.o)
                0x00000000001268f8                _strtoll_r
 .text._strtol_l.part.0
                0x00000000001268fc      0x1a4 c:/users/henry/documents/devkitpro/devkitarm/bin/../lib/gcc/arm-none-eabi/12.2.0/../../../../arm-none-eabi/lib/armv6k/fpu\libg.a(lib_a-strtol.o)
 .text._strtol_r
                0x0000000000126aa0       0x3c c:/users/henry/documents/devkitpro/devkitarm/bin/../lib/gcc/arm-none-eabi/12.2.0/../../../../arm-none-eabi/lib/armv6k/fpu\libg.a(lib_a-strtol.o)
                0x0000000000126aa0                _strtol_r
 .text._strtoull_l.constprop.0
                0x0000000000126adc      0x244 c:/users/henry/documents/devkitpro/devkitarm/bin/../lib/gcc/arm-none-eabi/12.2.0/../../../../arm-none-eabi/lib/armv6k/fpu\libg.a(lib_a-strtoull.o)
 .text._strtoull_r
                0x0000000000126d20        0x4 c:/users/henry/documents/devkitpro/devkitarm/bin/../lib/gcc/arm-none-eabi/12.2.0/../../../../arm-none-eabi/lib/armv6k/fpu\libg.a(lib_a-strtoull.o)
                0x0000000000126d20                _strtoull_r
 .text.__ssprint_r
                0x0000000000126d24      0x188 c:/users/henry/documents/devkitpro/devkitarm/bin/../lib/gcc/arm-none-eabi/12.2.0/../../../../arm-none-eabi/lib/armv6k/fpu\libg.a(lib_a-svfiprintf.o)
                0x0000000000126d24                __ssprint_r
 .text._sungetc_r
                0x0000000000126eac       0xd4 c:/users/henry/documents/devkitpro/devkitarm/bin/../lib/gcc/arm-none-eabi/12.2.0/../../../../arm-none-eabi/lib/armv6k/fpu\libg.a(lib_a-svfiscanf.o)
                0x0000000000126eac                _sungetc_r
 .text.__ssrefill_r
                0x0000000000126f80       0x6c c:/users/henry/documents/devkitpro/devkitarm/bin/../lib/gcc/arm-none-eabi/12.2.0/../../../../arm-none-eabi/lib/armv6k/fpu\libg.a(lib_a-svfiscanf.o)
                0x0000000000126f80                __ssrefill_r
 .text._sfread_r
                0x0000000000126fec       0xc4 c:/users/henry/documents/devkitpro/devkitarm/bin/../lib/gcc/arm-none-eabi/12.2.0/../../../../arm-none-eabi/lib/armv6k/fpu\libg.a(lib_a-svfiscanf.o)
                0x0000000000126fec                _sfread_r
 .text.get_arg  0x00000000001270b0      0x66c c:/users/henry/documents/devkitpro/devkitarm/bin/../lib/gcc/arm-none-eabi/12.2.0/../../../../arm-none-eabi/lib/armv6k/fpu\libg.a(lib_a-svfprintf.o)
 *fill*         0x000000000012771c        0x4 
 .text._svfprintf_r
                0x0000000000127720     0x3334 c:/users/henry/documents/devkitpro/devkitarm/bin/../lib/gcc/arm-none-eabi/12.2.0/../../../../arm-none-eabi/lib/armv6k/fpu\libg.a(lib_a-svfprintf.o)
                0x0000000000127720                _svfprintf_r
 .text.__submore
                0x000000000012aa54       0xa8 c:/users/henry/documents/devkitpro/devkitarm/bin/../lib/gcc/arm-none-eabi/12.2.0/../../../../arm-none-eabi/lib/armv6k/fpu\libg.a(lib_a-ungetc.o)
                0x000000000012aa54                __submore
 .text.get_arg  0x000000000012aafc      0x66c c:/users/henry/documents/devkitpro/devkitarm/bin/../lib/gcc/arm-none-eabi/12.2.0/../../../../arm-none-eabi/lib/armv6k/fpu\libg.a(lib_a-vfiprintf.o)
 .text.__sprint_r
                0x000000000012b168       0x30 c:/users/henry/documents/devkitpro/devkitarm/bin/../lib/gcc/arm-none-eabi/12.2.0/../../../../arm-none-eabi/lib/armv6k/fpu\libg.a(lib_a-vfiprintf.o)
                0x000000000012b168                __sprint_r
 .text._vfiprintf_r
                0x000000000012b198     0x22ec c:/users/henry/documents/devkitpro/devkitarm/bin/../lib/gcc/arm-none-eabi/12.2.0/../../../../arm-none-eabi/lib/armv6k/fpu\libg.a(lib_a-vfiprintf.o)
                0x000000000012b198                _vfiprintf_r
 .text.__sbprintf
                0x000000000012d484       0xd0 c:/users/henry/documents/devkitpro/devkitarm/bin/../lib/gcc/arm-none-eabi/12.2.0/../../../../arm-none-eabi/lib/armv6k/fpu\libg.a(lib_a-vfiprintf.o)
 .text._wcsnrtombs_l
                0x000000000012d554      0x188 c:/users/henry/documents/devkitpro/devkitarm/bin/../lib/gcc/arm-none-eabi/12.2.0/../../../../arm-none-eabi/lib/armv6k/fpu\libg.a(lib_a-wcsnrtombs.o)
                0x000000000012d554                _wcsnrtombs_l
 .text._wcsnrtombs_r
                0x000000000012d6dc       0x4c c:/users/henry/documents/devkitpro/devkitarm/bin/../lib/gcc/arm-none-eabi/12.2.0/../../../../arm-none-eabi/lib/armv6k/fpu\libg.a(lib_a-wcsnrtombs.o)
                0x000000000012d6dc                _wcsnrtombs_r
 .text.__utf8_wctomb
                0x000000000012d728       0xf0 c:/users/henry/documents/devkitpro/devkitarm/bin/../lib/gcc/arm-none-eabi/12.2.0/../../../../arm-none-eabi/lib/armv6k/fpu\libg.a(lib_a-wctomb_r.o)
                0x000000000012d728                __utf8_wctomb
 .text.__assert_func
                0x000000000012d818       0x5c c:/users/henry/documents/devkitpro/devkitarm/bin/../lib/gcc/arm-none-eabi/12.2.0/../../../../arm-none-eabi/lib/armv6k/fpu\libg.a(lib_a-assert.o)
                0x000000000012d818                __assert_func
 .text._calloc_r
                0x000000000012d874       0xc0 c:/users/henry/documents/devkitpro/devkitarm/bin/../lib/gcc/arm-none-eabi/12.2.0/../../../../arm-none-eabi/lib/armv6k/fpu\libg.a(lib_a-callocr.o)
                0x000000000012d874                _calloc_r
 .text.fiprintf
                0x000000000012d934       0x3c c:/users/henry/documents/devkitpro/devkitarm/bin/../lib/gcc/arm-none-eabi/12.2.0/../../../../arm-none-eabi/lib/armv6k/fpu\libg.a(lib_a-fiprintf.o)
                0x000000000012d934                fiprintf
 .text.rshift   0x000000000012d970       0xf0 c:/users/henry/documents/devkitpro/devkitarm/bin/../lib/gcc/arm-none-eabi/12.2.0/../../../../arm-none-eabi/lib/armv6k/fpu\libg.a(lib_a-gdtoa-gethex.o)
 .text.__gethex
                0x000000000012da60      0x814 c:/users/henry/documents/devkitpro/devkitarm/bin/../lib/gcc/arm-none-eabi/12.2.0/../../../../arm-none-eabi/lib/armv6k/fpu\libg.a(lib_a-gdtoa-gethex.o)
                0x000000000012da60                __gethex
 .text.__match  0x000000000012e274       0x4c c:/users/henry/documents/devkitpro/devkitarm/bin/../lib/gcc/arm-none-eabi/12.2.0/../../../../arm-none-eabi/lib/armv6k/fpu\libg.a(lib_a-gdtoa-hexnan.o)
                0x000000000012e274                __match
 .text.__hexnan
                0x000000000012e2c0      0x29c c:/users/henry/documents/devkitpro/devkitarm/bin/../lib/gcc/arm-none-eabi/12.2.0/../../../../arm-none-eabi/lib/armv6k/fpu\libg.a(lib_a-gdtoa-hexnan.o)
                0x000000000012e2c0                __hexnan
 .text.iswspace_l
                0x000000000012e55c       0x3c c:/users/henry/documents/devkitpro/devkitarm/bin/../lib/gcc/arm-none-eabi/12.2.0/../../../../arm-none-eabi/lib/armv6k/fpu\libg.a(lib_a-iswspace_l.o)
                0x000000000012e55c                iswspace_l
 .text.__jp2uc  0x000000000012e598      0x1d8 c:/users/henry/documents/devkitpro/devkitarm/bin/../lib/gcc/arm-none-eabi/12.2.0/../../../../arm-none-eabi/lib/armv6k/fpu\libg.a(lib_a-jp2uc.o)
 .text._jp2uc_l
                0x000000000012e770       0x9c c:/users/henry/documents/devkitpro/devkitarm/bin/../lib/gcc/arm-none-eabi/12.2.0/../../../../arm-none-eabi/lib/armv6k/fpu\libg.a(lib_a-jp2uc.o)
                0x000000000012e770                _jp2uc_l
 *fill*         0x000000000012e80c        0x4 
 .text.nan      0x000000000012e810       0x10 c:/users/henry/documents/devkitpro/devkitarm/bin/../lib/gcc/arm-none-eabi/12.2.0/../../../../arm-none-eabi/lib/armv6k/fpu\libg.a(lib_a-s_nan.o)
                0x000000000012e810                nan
 .text.abort    0x000000000012e820       0x14 c:/users/henry/documents/devkitpro/devkitarm/bin/../lib/gcc/arm-none-eabi/12.2.0/../../../../arm-none-eabi/lib/armv6k/fpu\libg.a(lib_a-abort.o)
                0x000000000012e820                abort
 .text.category
                0x000000000012e834       0x8c c:/users/henry/documents/devkitpro/devkitarm/bin/../lib/gcc/arm-none-eabi/12.2.0/../../../../arm-none-eabi/lib/armv6k/fpu\libg.a(lib_a-categories.o)
                0x000000000012e834                category
 .text._raise_r
                0x000000000012e8c0       0x90 c:/users/henry/documents/devkitpro/devkitarm/bin/../lib/gcc/arm-none-eabi/12.2.0/../../../../arm-none-eabi/lib/armv6k/fpu\libg.a(lib_a-signal.o)
                0x000000000012e8c0                _raise_r
 .text.raise    0x000000000012e950       0x18 c:/users/henry/documents/devkitpro/devkitarm/bin/../lib/gcc/arm-none-eabi/12.2.0/../../../../arm-none-eabi/lib/armv6k/fpu\libg.a(lib_a-signal.o)
                0x000000000012e950                raise
 .text.null_write
                0x000000000012e968        0x8 c:/users/henry/documents/devkitpro/devkitarm/bin/../lib/gcc/arm-none-eabi/12.2.0/../../../../arm-none-eabi/lib/armv6k/fpu\libsysbase.a(iosupport.o)
 .text.setDefaultDevice
                0x000000000012e970       0x18 c:/users/henry/documents/devkitpro/devkitarm/bin/../lib/gcc/arm-none-eabi/12.2.0/../../../../arm-none-eabi/lib/armv6k/fpu\libsysbase.a(iosupport.o)
                0x000000000012e970                setDefaultDevice
 .text.FindDevice
                0x000000000012e988       0xc8 c:/users/henry/documents/devkitpro/devkitarm/bin/../lib/gcc/arm-none-eabi/12.2.0/../../../../arm-none-eabi/lib/armv6k/fpu\libsysbase.a(iosupport.o)
                0x000000000012e988                FindDevice
 .text.RemoveDevice
                0x000000000012ea50       0x28 c:/users/henry/documents/devkitpro/devkitarm/bin/../lib/gcc/arm-none-eabi/12.2.0/../../../../arm-none-eabi/lib/armv6k/fpu\libsysbase.a(iosupport.o)
                0x000000000012ea50                RemoveDevice
 .text.AddDevice
                0x000000000012ea78       0x9c c:/users/henry/documents/devkitpro/devkitarm/bin/../lib/gcc/arm-none-eabi/12.2.0/../../../../arm-none-eabi/lib/armv6k/fpu\libsysbase.a(iosupport.o)
                0x000000000012ea78                AddDevice
 .text.GetDeviceOpTab
                0x000000000012eb14       0x20 c:/users/henry/documents/devkitpro/devkitarm/bin/../lib/gcc/arm-none-eabi/12.2.0/../../../../arm-none-eabi/lib/armv6k/fpu\libsysbase.a(iosupport.o)
                0x000000000012eb14                GetDeviceOpTab
 .text._fstat_r
                0x000000000012eb34       0x78 c:/users/henry/documents/devkitpro/devkitarm/bin/../lib/gcc/arm-none-eabi/12.2.0/../../../../arm-none-eabi/lib/armv6k/fpu\libsysbase.a(fstat.o)
                0x000000000012eb34                _fstat_r
 .text._getpid_r
                0x000000000012ebac       0x14 c:/users/henry/documents/devkitpro/devkitarm/bin/../lib/gcc/arm-none-eabi/12.2.0/../../../../arm-none-eabi/lib/armv6k/fpu\libsysbase.a(getpid.o)
                0x000000000012ebac                _getpid_r
 .text._isatty_r
                0x000000000012ebc0        0x8 c:/users/henry/documents/devkitpro/devkitarm/bin/../lib/gcc/arm-none-eabi/12.2.0/../../../../arm-none-eabi/lib/armv6k/fpu\libsysbase.a(isatty.o)
                0x000000000012ebc0                _isatty_r
 .text._kill_r  0x000000000012ebc8       0x14 c:/users/henry/documents/devkitpro/devkitarm/bin/../lib/gcc/arm-none-eabi/12.2.0/../../../../arm-none-eabi/lib/armv6k/fpu\libsysbase.a(kill.o)
                0x000000000012ebc8                _kill_r
 .text._lseek_r
                0x000000000012ebdc       0x84 c:/users/henry/documents/devkitpro/devkitarm/bin/../lib/gcc/arm-none-eabi/12.2.0/../../../../arm-none-eabi/lib/armv6k/fpu\libsysbase.a(lseek.o)
                0x000000000012ebdc                _lseek_r
 .text._read_r  0x000000000012ec60       0x80 c:/users/henry/documents/devkitpro/devkitarm/bin/../lib/gcc/arm-none-eabi/12.2.0/../../../../arm-none-eabi/lib/armv6k/fpu\libsysbase.a(read.o)
                0x000000000012ec60                _read_r
 .text._sbrk_r  0x000000000012ece0       0x78 c:/users/henry/documents/devkitpro/devkitarm/bin/../lib/gcc/arm-none-eabi/12.2.0/../../../../arm-none-eabi/lib/armv6k/fpu\libsysbase.a(sbrk.o)
                0x000000000012ece0                _sbrk_r
 .text._write_r
                0x000000000012ed58       0x80 c:/users/henry/documents/devkitpro/devkitarm/bin/../lib/gcc/arm-none-eabi/12.2.0/../../../../arm-none-eabi/lib/armv6k/fpu\libsysbase.a(write.o)
                0x000000000012ed58                _write_r
 .text._exit    0x000000000012edd8       0x20 c:/users/henry/documents/devkitpro/devkitarm/bin/../lib/gcc/arm-none-eabi/12.2.0/../../../../arm-none-eabi/lib/armv6k/fpu\libsysbase.a(_exit.o)
                0x000000000012edd8                _exit
 .text._concatenate_path
                0x000000000012edf8      0x1a4 c:/users/henry/documents/devkitpro/devkitarm/bin/../lib/gcc/arm-none-eabi/12.2.0/../../../../arm-none-eabi/lib/armv6k/fpu\libsysbase.a(chdir.o)
                0x000000000012edf8                _concatenate_path
 .text.chdir    0x000000000012ef9c      0x140 c:/users/henry/documents/devkitpro/devkitarm/bin/../lib/gcc/arm-none-eabi/12.2.0/../../../../arm-none-eabi/lib/armv6k/fpu\libsysbase.a(chdir.o)
                0x000000000012ef9c                chdir
 .text.__flockfile
                0x000000000012f0dc        0x8 c:/users/henry/documents/devkitpro/devkitarm/bin/../lib/gcc/arm-none-eabi/12.2.0/../../../../arm-none-eabi/lib/armv6k/fpu\libsysbase.a(flock.o)
                0x000000000012f0dc                __flockfile
 .text.__funlockfile
                0x000000000012f0e4        0x8 c:/users/henry/documents/devkitpro/devkitarm/bin/../lib/gcc/arm-none-eabi/12.2.0/../../../../arm-none-eabi/lib/armv6k/fpu\libsysbase.a(flock.o)
                0x000000000012f0e4                __funlockfile
 .text.__get_handle
                0x000000000012f0ec       0x3c c:/users/henry/documents/devkitpro/devkitarm/bin/../lib/gcc/arm-none-eabi/12.2.0/../../../../arm-none-eabi/lib/armv6k/fpu\libsysbase.a(handle_manager.o)
                0x000000000012f0ec                __get_handle
 .text._close_r
                0x000000000012f128       0xf4 c:/users/henry/documents/devkitpro/devkitarm/bin/../lib/gcc/arm-none-eabi/12.2.0/../../../../arm-none-eabi/lib/armv6k/fpu\libsysbase.a(handle_manager.o)
                0x000000000012f128                _close_r
 .text.__getreent
                0x000000000012f21c       0x2c c:/users/henry/documents/devkitpro/devkitarm/bin/../lib/gcc/arm-none-eabi/12.2.0/../../../../arm-none-eabi/lib/armv6k/fpu\libsysbase.a(getreent.o)
                0x000000000012f21c                __getreent
 .text.__libc_lock_acquire
                0x000000000012f248       0x1c c:/users/henry/documents/devkitpro/devkitarm/bin/../lib/gcc/arm-none-eabi/12.2.0/../../../../arm-none-eabi/lib/armv6k/fpu\libsysbase.a(syscall_support.o)
                0x000000000012f248                __libc_lock_acquire
 .text.__libc_lock_release
                0x000000000012f264       0x1c c:/users/henry/documents/devkitpro/devkitarm/bin/../lib/gcc/arm-none-eabi/12.2.0/../../../../arm-none-eabi/lib/armv6k/fpu\libsysbase.a(syscall_support.o)
                0x000000000012f264                __libc_lock_release
 .text.__libc_lock_init_recursive
                0x000000000012f280       0x1c c:/users/henry/documents/devkitpro/devkitarm/bin/../lib/gcc/arm-none-eabi/12.2.0/../../../../arm-none-eabi/lib/armv6k/fpu\libsysbase.a(syscall_support.o)
                0x000000000012f280                __libc_lock_init_recursive
 .text.__libc_lock_acquire_recursive
                0x000000000012f29c       0x1c c:/users/henry/documents/devkitpro/devkitarm/bin/../lib/gcc/arm-none-eabi/12.2.0/../../../../arm-none-eabi/lib/armv6k/fpu\libsysbase.a(syscall_support.o)
                0x000000000012f29c                __libc_lock_acquire_recursive
 .text.__libc_lock_release_recursive
                0x000000000012f2b8       0x1c c:/users/henry/documents/devkitpro/devkitarm/bin/../lib/gcc/arm-none-eabi/12.2.0/../../../../arm-none-eabi/lib/armv6k/fpu\libsysbase.a(syscall_support.o)
                0x000000000012f2b8                __libc_lock_release_recursive
 .text.__libc_lock_close_recursive
                0x000000000012f2d4       0x1c c:/users/henry/documents/devkitpro/devkitarm/bin/../lib/gcc/arm-none-eabi/12.2.0/../../../../arm-none-eabi/lib/armv6k/fpu\libsysbase.a(syscall_support.o)
                0x000000000012f2d4                __libc_lock_close_recursive
 .text.__fixdfdi
                0x000000000012f2f0       0x38 c:/users/henry/documents/devkitpro/devkitarm/bin/../lib/gcc/arm-none-eabi/12.2.0/armv6k/fpu\libgcc.a(_fixdfdi.o)
                0x000000000012f2f0                __fixdfdi
                0x000000000012f2f0                __aeabi_d2lz
 .text.__fixunsdfdi
                0x000000000012f328       0x40 c:/users/henry/documents/devkitpro/devkitarm/bin/../lib/gcc/arm-none-eabi/12.2.0/armv6k/fpu\libgcc.a(_fixunsdfdi.o)
                0x000000000012f328                __fixunsdfdi
                0x000000000012f328                __aeabi_d2ulz
 .text.strrchr  0x000000000012f368       0x48 c:/users/henry/documents/devkitpro/devkitarm/bin/../lib/gcc/arm-none-eabi/12.2.0/../../../../arm-none-eabi/lib/armv6k/fpu\libg.a(lib_a-strrchr.o)
                0x000000000012f368                strrchr
 *(.glue_7)
 .glue_7        0x000000000012f3b0        0x0 linker stubs
 *(.glue_7t)
 .glue_7t       0x000000000012f3b0        0x0 linker stubs
 *(.stub)
 *(.gnu.warning)